Archive member included to satisfy reference by file (symbol)

c:/st/stm32cubeide_1.6.0/stm32cubeide/plugins/com.st.stm32cube.ide.mcu.externaltools.gnu-tools-for-stm32.9-2020-q2-update.win32_2.0.0.202105311346/tools/bin/../lib/gcc/arm-none-eabi/9.3.1/../../../../arm-none-eabi/lib/thumb/v7e-m+fp/hard\libc_nano.a(lib_a-errno.o)
                              ./Core/Src/syscalls.o (__errno)
c:/st/stm32cubeide_1.6.0/stm32cubeide/plugins/com.st.stm32cube.ide.mcu.externaltools.gnu-tools-for-stm32.9-2020-q2-update.win32_2.0.0.202105311346/tools/bin/../lib/gcc/arm-none-eabi/9.3.1/../../../../arm-none-eabi/lib/thumb/v7e-m+fp/hard\libc_nano.a(lib_a-exit.o)
                              c:/st/stm32cubeide_1.6.0/stm32cubeide/plugins/com.st.stm32cube.ide.mcu.externaltools.gnu-tools-for-stm32.9-2020-q2-update.win32_2.0.0.202105311346/tools/bin/../lib/gcc/arm-none-eabi/9.3.1/../../../../arm-none-eabi/lib/thumb/v7e-m+fp/hard/crt0.o (exit)
c:/st/stm32cubeide_1.6.0/stm32cubeide/plugins/com.st.stm32cube.ide.mcu.externaltools.gnu-tools-for-stm32.9-2020-q2-update.win32_2.0.0.202105311346/tools/bin/../lib/gcc/arm-none-eabi/9.3.1/../../../../arm-none-eabi/lib/thumb/v7e-m+fp/hard\libc_nano.a(lib_a-impure.o)
                              c:/st/stm32cubeide_1.6.0/stm32cubeide/plugins/com.st.stm32cube.ide.mcu.externaltools.gnu-tools-for-stm32.9-2020-q2-update.win32_2.0.0.202105311346/tools/bin/../lib/gcc/arm-none-eabi/9.3.1/../../../../arm-none-eabi/lib/thumb/v7e-m+fp/hard\libc_nano.a(lib_a-exit.o) (_global_impure_ptr)
c:/st/stm32cubeide_1.6.0/stm32cubeide/plugins/com.st.stm32cube.ide.mcu.externaltools.gnu-tools-for-stm32.9-2020-q2-update.win32_2.0.0.202105311346/tools/bin/../lib/gcc/arm-none-eabi/9.3.1/../../../../arm-none-eabi/lib/thumb/v7e-m+fp/hard\libc_nano.a(lib_a-init.o)
                              c:/st/stm32cubeide_1.6.0/stm32cubeide/plugins/com.st.stm32cube.ide.mcu.externaltools.gnu-tools-for-stm32.9-2020-q2-update.win32_2.0.0.202105311346/tools/bin/../lib/gcc/arm-none-eabi/9.3.1/../../../../arm-none-eabi/lib/thumb/v7e-m+fp/hard/crt0.o (__libc_init_array)
c:/st/stm32cubeide_1.6.0/stm32cubeide/plugins/com.st.stm32cube.ide.mcu.externaltools.gnu-tools-for-stm32.9-2020-q2-update.win32_2.0.0.202105311346/tools/bin/../lib/gcc/arm-none-eabi/9.3.1/../../../../arm-none-eabi/lib/thumb/v7e-m+fp/hard\libc_nano.a(lib_a-memset.o)
                              c:/st/stm32cubeide_1.6.0/stm32cubeide/plugins/com.st.stm32cube.ide.mcu.externaltools.gnu-tools-for-stm32.9-2020-q2-update.win32_2.0.0.202105311346/tools/bin/../lib/gcc/arm-none-eabi/9.3.1/../../../../arm-none-eabi/lib/thumb/v7e-m+fp/hard/crt0.o (memset)
c:/st/stm32cubeide_1.6.0/stm32cubeide/plugins/com.st.stm32cube.ide.mcu.externaltools.gnu-tools-for-stm32.9-2020-q2-update.win32_2.0.0.202105311346/tools/bin/../lib/gcc/arm-none-eabi/9.3.1/thumb/v7e-m+fp/hard\libgcc.a(_arm_muldf3.o)
                              ./Core/Src/main.o (__aeabi_dmul)
c:/st/stm32cubeide_1.6.0/stm32cubeide/plugins/com.st.stm32cube.ide.mcu.externaltools.gnu-tools-for-stm32.9-2020-q2-update.win32_2.0.0.202105311346/tools/bin/../lib/gcc/arm-none-eabi/9.3.1/thumb/v7e-m+fp/hard\libgcc.a(_arm_addsubdf3.o)
                              ./Core/Src/main.o (__aeabi_ui2d)
c:/st/stm32cubeide_1.6.0/stm32cubeide/plugins/com.st.stm32cube.ide.mcu.externaltools.gnu-tools-for-stm32.9-2020-q2-update.win32_2.0.0.202105311346/tools/bin/../lib/gcc/arm-none-eabi/9.3.1/thumb/v7e-m+fp/hard\libgcc.a(_arm_fixunsdfsi.o)
                              ./Core/Src/main.o (__aeabi_d2uiz)
c:/st/stm32cubeide_1.6.0/stm32cubeide/plugins/com.st.stm32cube.ide.mcu.externaltools.gnu-tools-for-stm32.9-2020-q2-update.win32_2.0.0.202105311346/tools/bin/../lib/gcc/arm-none-eabi/9.3.1/thumb/v7e-m+fp/hard\libgcc.a(_aeabi_uldivmod.o)
                              ./Drivers/STM32F4xx_HAL_Driver/Src/stm32f4xx_hal_rcc.o (__aeabi_uldivmod)
c:/st/stm32cubeide_1.6.0/stm32cubeide/plugins/com.st.stm32cube.ide.mcu.externaltools.gnu-tools-for-stm32.9-2020-q2-update.win32_2.0.0.202105311346/tools/bin/../lib/gcc/arm-none-eabi/9.3.1/thumb/v7e-m+fp/hard\libgcc.a(_udivmoddi4.o)
                              c:/st/stm32cubeide_1.6.0/stm32cubeide/plugins/com.st.stm32cube.ide.mcu.externaltools.gnu-tools-for-stm32.9-2020-q2-update.win32_2.0.0.202105311346/tools/bin/../lib/gcc/arm-none-eabi/9.3.1/thumb/v7e-m+fp/hard\libgcc.a(_aeabi_uldivmod.o) (__udivmoddi4)
c:/st/stm32cubeide_1.6.0/stm32cubeide/plugins/com.st.stm32cube.ide.mcu.externaltools.gnu-tools-for-stm32.9-2020-q2-update.win32_2.0.0.202105311346/tools/bin/../lib/gcc/arm-none-eabi/9.3.1/thumb/v7e-m+fp/hard\libgcc.a(_dvmd_tls.o)
                              c:/st/stm32cubeide_1.6.0/stm32cubeide/plugins/com.st.stm32cube.ide.mcu.externaltools.gnu-tools-for-stm32.9-2020-q2-update.win32_2.0.0.202105311346/tools/bin/../lib/gcc/arm-none-eabi/9.3.1/thumb/v7e-m+fp/hard\libgcc.a(_aeabi_uldivmod.o) (__aeabi_ldiv0)

Allocating common symbols
Common symbol       size              file

[...]
Memory Configuration

Name             Origin             Length             Attributes
CCMRAM           0x0000000010000000 0x0000000000010000 xrw
RAM              0x0000000020000000 0x0000000000020000 xrw
FLASH            0x0000000008000000 0x0000000000100000 xr
*default*        0x0000000000000000 0xffffffffffffffff

Linker script and memory map

LOAD c:/st/stm32cubeide_1.6.0/stm32cubeide/plugins/com.st.stm32cube.ide.mcu.externaltools.gnu-tools-for-stm32.9-2020-q2-update.win32_2.0.0.202105311346/tools/bin/../lib/gcc/arm-none-eabi/9.3.1/thumb/v7e-m+fp/hard/crti.o
LOAD c:/st/stm32cubeide_1.6.0/stm32cubeide/plugins/com.st.stm32cube.ide.mcu.externaltools.gnu-tools-for-stm32.9-2020-q2-update.win32_2.0.0.202105311346/tools/bin/../lib/gcc/arm-none-eabi/9.3.1/thumb/v7e-m+fp/hard/crtbegin.o
LOAD c:/st/stm32cubeide_1.6.0/stm32cubeide/plugins/com.st.stm32cube.ide.mcu.externaltools.gnu-tools-for-stm32.9-2020-q2-update.win32_2.0.0.202105311346/tools/bin/../lib/gcc/arm-none-eabi/9.3.1/../../../../arm-none-eabi/lib/thumb/v7e-m+fp/hard/crt0.o
LOAD ./Core/Src/CRC.o
LOAD ./Core/Src/DataLinKLayer.o
LOAD ./Core/Src/camera.o
LOAD ./Core/Src/camera_config.o
LOAD ./Core/Src/fatfs_sd.o
LOAD ./Core/Src/main.o
LOAD ./Core/Src/stm32f4xx_hal_msp.o
LOAD ./Core/Src/stm32f4xx_it.o
LOAD ./Core/Src/syscalls.o
LOAD ./Core/Src/sysmem.o
LOAD ./Core/Src/system_stm32f4xx.o
LOAD ./Core/Startup/startup_stm32f407vgtx.o
LOAD ./Drivers/STM32F4xx_HAL_Driver/Src/stm32f4xx_hal.o
LOAD ./Drivers/STM32F4xx_HAL_Driver/Src/stm32f4xx_hal_cortex.o
LOAD ./Drivers/STM32F4xx_HAL_Driver/Src/stm32f4xx_hal_dcmi.o
LOAD ./Drivers/STM32F4xx_HAL_Driver/Src/stm32f4xx_hal_dcmi_ex.o
LOAD ./Drivers/STM32F4xx_HAL_Driver/Src/stm32f4xx_hal_dma.o
LOAD ./Drivers/STM32F4xx_HAL_Driver/Src/stm32f4xx_hal_dma_ex.o
LOAD ./Drivers/STM32F4xx_HAL_Driver/Src/stm32f4xx_hal_exti.o
LOAD ./Drivers/STM32F4xx_HAL_Driver/Src/stm32f4xx_hal_flash.o
LOAD ./Drivers/STM32F4xx_HAL_Driver/Src/stm32f4xx_hal_flash_ex.o
LOAD ./Drivers/STM32F4xx_HAL_Driver/Src/stm32f4xx_hal_flash_ramfunc.o
LOAD ./Drivers/STM32F4xx_HAL_Driver/Src/stm32f4xx_hal_gpio.o
LOAD ./Drivers/STM32F4xx_HAL_Driver/Src/stm32f4xx_hal_i2c.o
LOAD ./Drivers/STM32F4xx_HAL_Driver/Src/stm32f4xx_hal_i2c_ex.o
LOAD ./Drivers/STM32F4xx_HAL_Driver/Src/stm32f4xx_hal_pwr.o
LOAD ./Drivers/STM32F4xx_HAL_Driver/Src/stm32f4xx_hal_pwr_ex.o
LOAD ./Drivers/STM32F4xx_HAL_Driver/Src/stm32f4xx_hal_rcc.o
LOAD ./Drivers/STM32F4xx_HAL_Driver/Src/stm32f4xx_hal_rcc_ex.o
LOAD ./Drivers/STM32F4xx_HAL_Driver/Src/stm32f4xx_hal_spi.o
LOAD ./Drivers/STM32F4xx_HAL_Driver/Src/stm32f4xx_hal_tim.o
LOAD ./Drivers/STM32F4xx_HAL_Driver/Src/stm32f4xx_hal_tim_ex.o
LOAD ./Drivers/STM32F4xx_HAL_Driver/Src/stm32f4xx_hal_uart.o
LOAD ./FATFS/App/fatfs.o
LOAD ./FATFS/Target/user_diskio.o
LOAD ./Middlewares/Third_Party/FatFs/src/diskio.o
LOAD ./Middlewares/Third_Party/FatFs/src/ff.o
LOAD ./Middlewares/Third_Party/FatFs/src/ff_gen_drv.o
LOAD ./Middlewares/Third_Party/FatFs/src/option/syscall.o
START GROUP
LOAD c:/st/stm32cubeide_1.6.0/stm32cubeide/plugins/com.st.stm32cube.ide.mcu.externaltools.gnu-tools-for-stm32.9-2020-q2-update.win32_2.0.0.202105311346/tools/bin/../lib/gcc/arm-none-eabi/9.3.1/../../../../arm-none-eabi/lib/thumb/v7e-m+fp/hard\libstdc++_nano.a
LOAD c:/st/stm32cubeide_1.6.0/stm32cubeide/plugins/com.st.stm32cube.ide.mcu.externaltools.gnu-tools-for-stm32.9-2020-q2-update.win32_2.0.0.202105311346/tools/bin/../lib/gcc/arm-none-eabi/9.3.1/../../../../arm-none-eabi/lib/thumb/v7e-m+fp/hard\libsupc++_nano.a
END GROUP
LOAD c:/st/stm32cubeide_1.6.0/stm32cubeide/plugins/com.st.stm32cube.ide.mcu.externaltools.gnu-tools-for-stm32.9-2020-q2-update.win32_2.0.0.202105311346/tools/bin/../lib/gcc/arm-none-eabi/9.3.1/../../../../arm-none-eabi/lib/thumb/v7e-m+fp/hard\libstdc++_nano.a
LOAD c:/st/stm32cubeide_1.6.0/stm32cubeide/plugins/com.st.stm32cube.ide.mcu.externaltools.gnu-tools-for-stm32.9-2020-q2-update.win32_2.0.0.202105311346/tools/bin/../lib/gcc/arm-none-eabi/9.3.1/../../../../arm-none-eabi/lib/thumb/v7e-m+fp/hard\libm.a
LOAD c:/st/stm32cubeide_1.6.0/stm32cubeide/plugins/com.st.stm32cube.ide.mcu.externaltools.gnu-tools-for-stm32.9-2020-q2-update.win32_2.0.0.202105311346/tools/bin/../lib/gcc/arm-none-eabi/9.3.1/../../../../arm-none-eabi/lib/thumb/v7e-m+fp/hard\libc_nano.a
START GROUP
LOAD c:/st/stm32cubeide_1.6.0/stm32cubeide/plugins/com.st.stm32cube.ide.mcu.externaltools.gnu-tools-for-stm32.9-2020-q2-update.win32_2.0.0.202105311346/tools/bin/../lib/gcc/arm-none-eabi/9.3.1/thumb/v7e-m+fp/hard\libgcc.a
LOAD c:/st/stm32cubeide_1.6.0/stm32cubeide/plugins/com.st.stm32cube.ide.mcu.externaltools.gnu-tools-for-stm32.9-2020-q2-update.win32_2.0.0.202105311346/tools/bin/../lib/gcc/arm-none-eabi/9.3.1/../../../../arm-none-eabi/lib/thumb/v7e-m+fp/hard\libc_nano.a
END GROUP
START GROUP
LOAD c:/st/stm32cubeide_1.6.0/stm32cubeide/plugins/com.st.stm32cube.ide.mcu.externaltools.gnu-tools-for-stm32.9-2020-q2-update.win32_2.0.0.202105311346/tools/bin/../lib/gcc/arm-none-eabi/9.3.1/thumb/v7e-m+fp/hard\libgcc.a
LOAD c:/st/stm32cubeide_1.6.0/stm32cubeide/plugins/com.st.stm32cube.ide.mcu.externaltools.gnu-tools-for-stm32.9-2020-q2-update.win32_2.0.0.202105311346/tools/bin/../lib/gcc/arm-none-eabi/9.3.1/../../../../arm-none-eabi/lib/thumb/v7e-m+fp/hard\libc_nano.a
END GROUP
LOAD c:/st/stm32cubeide_1.6.0/stm32cubeide/plugins/com.st.stm32cube.ide.mcu.externaltools.gnu-tools-for-stm32.9-2020-q2-update.win32_2.0.0.202105311346/tools/bin/../lib/gcc/arm-none-eabi/9.3.1/thumb/v7e-m+fp/hard/crtend.o
LOAD c:/st/stm32cubeide_1.6.0/stm32cubeide/plugins/com.st.stm32cube.ide.mcu.externaltools.gnu-tools-for-stm32.9-2020-q2-update.win32_2.0.0.202105311346/tools/bin/../lib/gcc/arm-none-eabi/9.3.1/thumb/v7e-m+fp/hard/crtn.o
                0x0000000020020000                _estack = (ORIGIN (RAM) + LENGTH (RAM))
                0x0000000000000200                _Min_Heap_Size = 0x200
                0x0000000000000400                _Min_Stack_Size = 0x400

.isr_vector     0x0000000008000000      0x188
                0x0000000008000000                . = ALIGN (0x4)
 *(.isr_vector)
 .isr_vector    0x0000000008000000      0x188 ./Core/Startup/startup_stm32f407vgtx.o
                0x0000000008000000                g_pfnVectors
                0x0000000008000188                . = ALIGN (0x4)

.text           0x0000000008000188     0x8dcc
                0x0000000008000188                . = ALIGN (0x4)
 *(.text)
 .text          0x0000000008000188       0x40 c:/st/stm32cubeide_1.6.0/stm32cubeide/plugins/com.st.stm32cube.ide.mcu.externaltools.gnu-tools-for-stm32.9-2020-q2-update.win32_2.0.0.202105311346/tools/bin/../lib/gcc/arm-none-eabi/9.3.1/thumb/v7e-m+fp/hard/crtbegin.o
 .text          0x00000000080001c8       0x30 c:/st/stm32cubeide_1.6.0/stm32cubeide/plugins/com.st.stm32cube.ide.mcu.externaltools.gnu-tools-for-stm32.9-2020-q2-update.win32_2.0.0.202105311346/tools/bin/../lib/gcc/arm-none-eabi/9.3.1/thumb/v7e-m+fp/hard\libgcc.a(_aeabi_uldivmod.o)
                0x00000000080001c8                __aeabi_uldivmod
 .text          0x00000000080001f8      0x2c4 c:/st/stm32cubeide_1.6.0/stm32cubeide/plugins/com.st.stm32cube.ide.mcu.externaltools.gnu-tools-for-stm32.9-2020-q2-update.win32_2.0.0.202105311346/tools/bin/../lib/gcc/arm-none-eabi/9.3.1/thumb/v7e-m+fp/hard\libgcc.a(_udivmoddi4.o)
                0x00000000080001f8                __udivmoddi4
 .text          0x00000000080004bc        0x4 c:/st/stm32cubeide_1.6.0/stm32cubeide/plugins/com.st.stm32cube.ide.mcu.externaltools.gnu-tools-for-stm32.9-2020-q2-update.win32_2.0.0.202105311346/tools/bin/../lib/gcc/arm-none-eabi/9.3.1/thumb/v7e-m+fp/hard\libgcc.a(_dvmd_tls.o)
                0x00000000080004bc                __aeabi_idiv0
                0x00000000080004bc                __aeabi_ldiv0
 *(.text*)
 .text._Z17CRC16_Q921_updateth
                0x00000000080004c0       0x3c ./Core/Src/CRC.o
                0x00000000080004c0                CRC16_Q921_update(unsigned short, unsigned char)
 .text._ZN20T_DataLinkLayer_base20SendByteWithStaffingEh
                0x00000000080004fc       0x38 ./Core/Src/DataLinKLayer.o
                0x00000000080004fc                T_DataLinkLayer_base::SendByteWithStaffing(unsigned char)
 .text._ZN20T_DataLinkLayer_base13SendData_baseEPKhmt
                0x0000000008000534       0xa8 ./Core/Src/DataLinKLayer.o
                0x0000000008000534                T_DataLinkLayer_base::SendData_base(unsigned char const*, unsigned long, unsigned short)
 .text.Camera_init
                0x00000000080005dc       0x30 ./Core/Src/camera.o
                0x00000000080005dc                Camera_init
 .text.Camera_write
                0x000000000800060c       0x3c ./Core/Src/camera.o
                0x000000000800060c                Camera_write
 .text.Camera_config
                0x0000000008000648       0x54 ./Core/Src/camera.o
                0x0000000008000648                Camera_config
 .text.SELECT   0x000000000800069c       0x18 ./Core/Src/fatfs_sd.o
 .text.DESELECT
                0x00000000080006b4       0x18 ./Core/Src/fatfs_sd.o
 .text.SPI_TxByte
                0x00000000080006cc       0x34 ./Core/Src/fatfs_sd.o
 .text.SPI_RxByte
                0x0000000008000700       0x3c ./Core/Src/fatfs_sd.o
 .text.SPI_RxBytePtr
                0x000000000800073c       0x1c ./Core/Src/fatfs_sd.o
 .text.SD_ReadyWait
                0x0000000008000758       0x38 ./Core/Src/fatfs_sd.o
 .text.SD_PowerOn
                0x0000000008000790       0x98 ./Core/Src/fatfs_sd.o
 .text.SD_PowerOff
                0x0000000008000828       0x18 ./Core/Src/fatfs_sd.o
 .text.SD_CheckPower
                0x0000000008000840       0x18 ./Core/Src/fatfs_sd.o
 .text.SD_RxDataBlock
                0x0000000008000858       0x6c ./Core/Src/fatfs_sd.o
 .text.SD_TxDataBlock
                0x00000000080008c4       0xa8 ./Core/Src/fatfs_sd.o
 .text.SD_SendCmd
                0x000000000800096c       0xa4 ./Core/Src/fatfs_sd.o
 .text.SD_disk_initialize
                0x0000000008000a10      0x1d4 ./Core/Src/fatfs_sd.o
                0x0000000008000a10                SD_disk_initialize
 .text.SD_disk_status
                0x0000000008000be4       0x2c ./Core/Src/fatfs_sd.o
                0x0000000008000be4                SD_disk_status
 .text.SD_disk_read
                0x0000000008000c10       0xd4 ./Core/Src/fatfs_sd.o
                0x0000000008000c10                SD_disk_read
 .text.SD_disk_write
                0x0000000008000ce4      0x108 ./Core/Src/fatfs_sd.o
                0x0000000008000ce4                SD_disk_write
 .text.SD_disk_ioctl
                0x0000000008000dec      0x264 ./Core/Src/fatfs_sd.o
                0x0000000008000dec                SD_disk_ioctl
 .text._ZN20T_DataLinkLayer_baseC2EPFvhEPFvPhtE
                0x0000000008001050       0x3e ./Core/Src/main.o
                0x0000000008001050                T_DataLinkLayer_base::T_DataLinkLayer_base(void (*)(unsigned char), void (*)(unsigned char*, unsigned short))
                0x0000000008001050                T_DataLinkLayer_base::T_DataLinkLayer_base(void (*)(unsigned char), void (*)(unsigned char*, unsigned short))
 *fill*         0x000000000800108e        0x2 
 .text.createPhoto
                0x0000000008001090      0x12c ./Core/Src/main.o
                0x0000000008001090                createPhoto
 .text.main     0x00000000080011bc      0x100 ./Core/Src/main.o
                0x00000000080011bc                main
 .text._Z18SystemClock_Configv
                0x00000000080012bc       0xf0 ./Core/Src/main.o
                0x00000000080012bc                SystemClock_Config()
 .text._ZL12MX_DCMI_Initv
                0x00000000080013ac       0x5c ./Core/Src/main.o
 .text._ZL12MX_I2C1_Initv
                0x0000000008001408       0x68 ./Core/Src/main.o
 .text._ZL12MX_SPI1_Initv
                0x0000000008001470       0x78 ./Core/Src/main.o
 .text._ZL11MX_DMA_Initv
                0x00000000080014e8       0x40 ./Core/Src/main.o
 .text._ZL12MX_GPIO_Initv
                0x0000000008001528      0x154 ./Core/Src/main.o
 .text._ZL13MX_UART4_Initv
                0x000000000800167c       0x5c ./Core/Src/main.o
 .text.SDTimer_Handler
                0x00000000080016d8       0x5c ./Core/Src/main.o
                0x00000000080016d8                SDTimer_Handler
 .text.SysTick_Handler
                0x0000000008001734       0x3c ./Core/Src/main.o
                0x0000000008001734                SysTick_Handler
 .text.UART4_IRQHandler
                0x0000000008001770       0x28 ./Core/Src/main.o
                0x0000000008001770                UART4_IRQHandler
 .text._Z5writeh
                0x0000000008001798       0x24 ./Core/Src/main.o
                0x0000000008001798                write(unsigned char)
 .text._Z4readPht
                0x00000000080017bc       0x30 ./Core/Src/main.o
                0x00000000080017bc                read(unsigned char*, unsigned short)
 .text.Error_Handler
                0x00000000080017ec        0xa ./Core/Src/main.o
                0x00000000080017ec                Error_Handler
 .text._ZN21TT_DataLinkLayerPointILt2048ELt1000EEC2EPFvhEPFvPhtE
                0x00000000080017f6       0x22 ./Core/Src/main.o
                0x00000000080017f6                TT_DataLinkLayerPoint<(unsigned short)2048, (unsigned short)1000>::TT_DataLinkLayerPoint(void (*)(unsigned char), void (*)(unsigned char*, unsigned short))
                0x00000000080017f6                TT_DataLinkLayerPoint<(unsigned short)2048, (unsigned short)1000>::TT_DataLinkLayerPoint(void (*)(unsigned char), void (*)(unsigned char*, unsigned short))
 .text._ZN21TT_DataLinkLayerPointILt2048ELt1000EE4SendEPKhm
                0x0000000008001818       0x22 ./Core/Src/main.o
                0x0000000008001818                TT_DataLinkLayerPoint<(unsigned short)2048, (unsigned short)1000>::Send(unsigned char const*, unsigned long)
 .text._ZN21TT_DataLinkLayerPointILt2048ELt1000EE13RxByteHandlerEh
                0x000000000800183a       0xde ./Core/Src/main.o
                0x000000000800183a                TT_DataLinkLayerPoint<(unsigned short)2048, (unsigned short)1000>::RxByteHandler(unsigned char)
 .text._Z41__static_initialization_and_destruction_0ii
                0x0000000008001918       0x38 ./Core/Src/main.o
 .text._GLOBAL__sub_I_hdcmi
                0x0000000008001950       0x10 ./Core/Src/main.o
 .text.HAL_MspInit
                0x0000000008001960       0x50 ./Core/Src/stm32f4xx_hal_msp.o
                0x0000000008001960                HAL_MspInit
 .text.HAL_DCMI_MspInit
                0x00000000080019b0      0x1e0 ./Core/Src/stm32f4xx_hal_msp.o
                0x00000000080019b0                HAL_DCMI_MspInit
 .text.HAL_I2C_MspInit
                0x0000000008001b90       0xb0 ./Core/Src/stm32f4xx_hal_msp.o
                0x0000000008001b90                HAL_I2C_MspInit
 .text.HAL_SPI_MspInit
                0x0000000008001c40       0xd0 ./Core/Src/stm32f4xx_hal_msp.o
                0x0000000008001c40                HAL_SPI_MspInit
 .text.HAL_UART_MspInit
                0x0000000008001d10       0xd4 ./Core/Src/stm32f4xx_hal_msp.o
                0x0000000008001d10                HAL_UART_MspInit
 .text.NMI_Handler
                0x0000000008001de4        0x6 ./Core/Src/stm32f4xx_it.o
                0x0000000008001de4                NMI_Handler
 .text.HardFault_Handler
                0x0000000008001dea        0x6 ./Core/Src/stm32f4xx_it.o
                0x0000000008001dea                HardFault_Handler
 .text.MemManage_Handler
                0x0000000008001df0        0x6 ./Core/Src/stm32f4xx_it.o
                0x0000000008001df0                MemManage_Handler
 .text.BusFault_Handler
                0x0000000008001df6        0x6 ./Core/Src/stm32f4xx_it.o
                0x0000000008001df6                BusFault_Handler
 .text.UsageFault_Handler
                0x0000000008001dfc        0x6 ./Core/Src/stm32f4xx_it.o
                0x0000000008001dfc                UsageFault_Handler
 .text.SVC_Handler
                0x0000000008001e02        0xe ./Core/Src/stm32f4xx_it.o
                0x0000000008001e02                SVC_Handler
 .text.DebugMon_Handler
                0x0000000008001e10        0xe ./Core/Src/stm32f4xx_it.o
                0x0000000008001e10                DebugMon_Handler
 .text.PendSV_Handler
                0x0000000008001e1e        0xe ./Core/Src/stm32f4xx_it.o
                0x0000000008001e1e                PendSV_Handler
 .text.EXTI0_IRQHandler
                0x0000000008001e2c       0x30 ./Core/Src/stm32f4xx_it.o
                0x0000000008001e2c                EXTI0_IRQHandler
 .text.I2C1_EV_IRQHandler
                0x0000000008001e5c       0x14 ./Core/Src/stm32f4xx_it.o
                0x0000000008001e5c                I2C1_EV_IRQHandler
 .text.I2C1_ER_IRQHandler
                0x0000000008001e70       0x14 ./Core/Src/stm32f4xx_it.o
                0x0000000008001e70                I2C1_ER_IRQHandler
 .text.DMA2_Stream1_IRQHandler
                0x0000000008001e84       0x14 ./Core/Src/stm32f4xx_it.o
                0x0000000008001e84                DMA2_Stream1_IRQHandler
 .text.DCMI_IRQHandler
                0x0000000008001e98       0x14 ./Core/Src/stm32f4xx_it.o
                0x0000000008001e98                DCMI_IRQHandler
 .text.SystemInit
                0x0000000008001eac       0x24 ./Core/Src/system_stm32f4xx.o
                0x0000000008001eac                SystemInit
 .text.Reset_Handler
                0x0000000008001ed0       0x50 ./Core/Startup/startup_stm32f407vgtx.o
                0x0000000008001ed0                Reset_Handler
 .text.Default_Handler
                0x0000000008001f20        0x2 ./Core/Startup/startup_stm32f407vgtx.o
                0x0000000008001f20                RTC_Alarm_IRQHandler
                0x0000000008001f20                HASH_RNG_IRQHandler
                0x0000000008001f20                EXTI2_IRQHandler
                0x0000000008001f20                TIM8_CC_IRQHandler
                0x0000000008001f20                TIM1_CC_IRQHandler
                0x0000000008001f20                DMA2_Stream5_IRQHandler
                0x0000000008001f20                DMA1_Stream5_IRQHandler
                0x0000000008001f20                PVD_IRQHandler
                0x0000000008001f20                SDIO_IRQHandler
                0x0000000008001f20                TAMP_STAMP_IRQHandler
                0x0000000008001f20                CAN2_RX1_IRQHandler
                0x0000000008001f20                EXTI3_IRQHandler
                0x0000000008001f20                TIM8_TRG_COM_TIM14_IRQHandler
                0x0000000008001f20                TIM1_UP_TIM10_IRQHandler
                0x0000000008001f20                TIM8_UP_TIM13_IRQHandler
                0x0000000008001f20                I2C3_ER_IRQHandler
                0x0000000008001f20                I2C2_EV_IRQHandler
                0x0000000008001f20                DMA1_Stream2_IRQHandler
                0x0000000008001f20                CAN1_RX0_IRQHandler
                0x0000000008001f20                FPU_IRQHandler
                0x0000000008001f20                OTG_HS_WKUP_IRQHandler
                0x0000000008001f20                CAN2_SCE_IRQHandler
                0x0000000008001f20                DMA2_Stream2_IRQHandler
                0x0000000008001f20                SPI1_IRQHandler
                0x0000000008001f20                TIM6_DAC_IRQHandler
                0x0000000008001f20                TIM1_BRK_TIM9_IRQHandler
                0x0000000008001f20                CAN2_RX0_IRQHandler
                0x0000000008001f20                DMA2_Stream3_IRQHandler
                0x0000000008001f20                USART6_IRQHandler
                0x0000000008001f20                USART3_IRQHandler
                0x0000000008001f20                CAN1_RX1_IRQHandler
                0x0000000008001f20                UART5_IRQHandler
                0x0000000008001f20                DMA2_Stream0_IRQHandler
                0x0000000008001f20                TIM4_IRQHandler
                0x0000000008001f20                DMA1_Stream6_IRQHandler
                0x0000000008001f20                DMA1_Stream1_IRQHandler
                0x0000000008001f20                TIM3_IRQHandler
                0x0000000008001f20                RCC_IRQHandler
                0x0000000008001f20                TIM8_BRK_TIM12_IRQHandler
                0x0000000008001f20                Default_Handler
                0x0000000008001f20                EXTI15_10_IRQHandler
                0x0000000008001f20                ADC_IRQHandler
                0x0000000008001f20                DMA1_Stream7_IRQHandler
                0x0000000008001f20                TIM7_IRQHandler
                0x0000000008001f20                CAN2_TX_IRQHandler
                0x0000000008001f20                TIM5_IRQHandler
                0x0000000008001f20                DMA2_Stream7_IRQHandler
                0x0000000008001f20                I2C3_EV_IRQHandler
                0x0000000008001f20                EXTI9_5_IRQHandler
                0x0000000008001f20                RTC_WKUP_IRQHandler
                0x0000000008001f20                ETH_WKUP_IRQHandler
                0x0000000008001f20                SPI2_IRQHandler
                0x0000000008001f20                OTG_HS_EP1_IN_IRQHandler
                0x0000000008001f20                DMA1_Stream0_IRQHandler
                0x0000000008001f20                CAN1_TX_IRQHandler
                0x0000000008001f20                EXTI4_IRQHandler
                0x0000000008001f20                FSMC_IRQHandler
                0x0000000008001f20                ETH_IRQHandler
                0x0000000008001f20                OTG_HS_EP1_OUT_IRQHandler
                0x0000000008001f20                WWDG_IRQHandler
                0x0000000008001f20                TIM2_IRQHandler
                0x0000000008001f20                OTG_FS_WKUP_IRQHandler
                0x0000000008001f20                TIM1_TRG_COM_TIM11_IRQHandler
                0x0000000008001f20                OTG_HS_IRQHandler
                0x0000000008001f20                EXTI1_IRQHandler
                0x0000000008001f20                USART2_IRQHandler
                0x0000000008001f20                I2C2_ER_IRQHandler
                0x0000000008001f20                CAN1_SCE_IRQHandler
                0x0000000008001f20                FLASH_IRQHandler
                0x0000000008001f20                DMA2_Stream4_IRQHandler
                0x0000000008001f20                USART1_IRQHandler
                0x0000000008001f20                OTG_FS_IRQHandler
                0x0000000008001f20                SPI3_IRQHandler
                0x0000000008001f20                DMA1_Stream4_IRQHandler
                0x0000000008001f20                DMA2_Stream6_IRQHandler
                0x0000000008001f20                DMA1_Stream3_IRQHandler
 *fill*         0x0000000008001f22        0x2 
 .text.HAL_Init
                0x0000000008001f24       0x44 ./Drivers/STM32F4xx_HAL_Driver/Src/stm32f4xx_hal.o
                0x0000000008001f24                HAL_Init
 .text.HAL_InitTick
                0x0000000008001f68       0x60 ./Drivers/STM32F4xx_HAL_Driver/Src/stm32f4xx_hal.o
                0x0000000008001f68                HAL_InitTick
 .text.HAL_IncTick
                0x0000000008001fc8       0x28 ./Drivers/STM32F4xx_HAL_Driver/Src/stm32f4xx_hal.o
                0x0000000008001fc8                HAL_IncTick
 .text.HAL_GetTick
                0x0000000008001ff0       0x18 ./Drivers/STM32F4xx_HAL_Driver/Src/stm32f4xx_hal.o
                0x0000000008001ff0                HAL_GetTick
 .text.HAL_Delay
                0x0000000008002008       0x48 ./Drivers/STM32F4xx_HAL_Driver/Src/stm32f4xx_hal.o
                0x0000000008002008                HAL_Delay
 .text.__NVIC_SetPriorityGrouping
                0x0000000008002050       0x48 ./Drivers/STM32F4xx_HAL_Driver/Src/stm32f4xx_hal_cortex.o
 .text.__NVIC_GetPriorityGrouping
                0x0000000008002098       0x1c ./Drivers/STM32F4xx_HAL_Driver/Src/stm32f4xx_hal_cortex.o
 .text.__NVIC_EnableIRQ
                0x00000000080020b4       0x3c ./Drivers/STM32F4xx_HAL_Driver/Src/stm32f4xx_hal_cortex.o
 .text.__NVIC_SetPriority
                0x00000000080020f0       0x54 ./Drivers/STM32F4xx_HAL_Driver/Src/stm32f4xx_hal_cortex.o
 .text.NVIC_EncodePriority
                0x0000000008002144       0x66 ./Drivers/STM32F4xx_HAL_Driver/Src/stm32f4xx_hal_cortex.o
 *fill*         0x00000000080021aa        0x2 
 .text.SysTick_Config
                0x00000000080021ac       0x44 ./Drivers/STM32F4xx_HAL_Driver/Src/stm32f4xx_hal_cortex.o
 .text.HAL_NVIC_SetPriorityGrouping
                0x00000000080021f0       0x16 ./Drivers/STM32F4xx_HAL_Driver/Src/stm32f4xx_hal_cortex.o
                0x00000000080021f0                HAL_NVIC_SetPriorityGrouping
 .text.HAL_NVIC_SetPriority
                0x0000000008002206       0x38 ./Drivers/STM32F4xx_HAL_Driver/Src/stm32f4xx_hal_cortex.o
                0x0000000008002206                HAL_NVIC_SetPriority
 .text.HAL_NVIC_EnableIRQ
                0x000000000800223e       0x1c ./Drivers/STM32F4xx_HAL_Driver/Src/stm32f4xx_hal_cortex.o
                0x000000000800223e                HAL_NVIC_EnableIRQ
 .text.HAL_SYSTICK_Config
                0x000000000800225a       0x18 ./Drivers/STM32F4xx_HAL_Driver/Src/stm32f4xx_hal_cortex.o
                0x000000000800225a                HAL_SYSTICK_Config
 *fill*         0x0000000008002272        0x2 
 .text.HAL_DCMI_Start_DMA
                0x0000000008002274      0x140 ./Drivers/STM32F4xx_HAL_Driver/Src/stm32f4xx_hal_dcmi.o
                0x0000000008002274                HAL_DCMI_Start_DMA
 .text.HAL_DCMI_IRQHandler
                0x00000000080023b4       0xfc ./Drivers/STM32F4xx_HAL_Driver/Src/stm32f4xx_hal_dcmi.o
                0x00000000080023b4                HAL_DCMI_IRQHandler
 .text.HAL_DCMI_ErrorCallback
                0x00000000080024b0       0x14 ./Drivers/STM32F4xx_HAL_Driver/Src/stm32f4xx_hal_dcmi.o
                0x00000000080024b0                HAL_DCMI_ErrorCallback
 .text.HAL_DCMI_LineEventCallback
                0x00000000080024c4       0x14 ./Drivers/STM32F4xx_HAL_Driver/Src/stm32f4xx_hal_dcmi.o
                0x00000000080024c4                HAL_DCMI_LineEventCallback
 .text.HAL_DCMI_VsyncEventCallback
                0x00000000080024d8       0x14 ./Drivers/STM32F4xx_HAL_Driver/Src/stm32f4xx_hal_dcmi.o
                0x00000000080024d8                HAL_DCMI_VsyncEventCallback
 .text.HAL_DCMI_FrameEventCallback
                0x00000000080024ec       0x14 ./Drivers/STM32F4xx_HAL_Driver/Src/stm32f4xx_hal_dcmi.o
                0x00000000080024ec                HAL_DCMI_FrameEventCallback
 .text.DCMI_DMAXferCplt
                0x0000000008002500      0x12a ./Drivers/STM32F4xx_HAL_Driver/Src/stm32f4xx_hal_dcmi.o
 .text.DCMI_DMAError
                0x000000000800262a       0x2e ./Drivers/STM32F4xx_HAL_Driver/Src/stm32f4xx_hal_dcmi.o
 .text.HAL_DCMI_Init
                0x0000000008002658       0xda ./Drivers/STM32F4xx_HAL_Driver/Src/stm32f4xx_hal_dcmi_ex.o
                0x0000000008002658                HAL_DCMI_Init
 *fill*         0x0000000008002732        0x2 
 .text.HAL_DMA_Init
                0x0000000008002734      0x15c ./Drivers/STM32F4xx_HAL_Driver/Src/stm32f4xx_hal_dma.o
                0x0000000008002734                HAL_DMA_Init
 .text.HAL_DMA_Start_IT
                0x0000000008002890       0xb0 ./Drivers/STM32F4xx_HAL_Driver/Src/stm32f4xx_hal_dma.o
                0x0000000008002890                HAL_DMA_Start_IT
 .text.HAL_DMA_Abort
                0x0000000008002940       0xe0 ./Drivers/STM32F4xx_HAL_Driver/Src/stm32f4xx_hal_dma.o
                0x0000000008002940                HAL_DMA_Abort
 .text.HAL_DMA_Abort_IT
                0x0000000008002a20       0x44 ./Drivers/STM32F4xx_HAL_Driver/Src/stm32f4xx_hal_dma.o
                0x0000000008002a20                HAL_DMA_Abort_IT
 .text.HAL_DMA_IRQHandler
                0x0000000008002a64      0x314 ./Drivers/STM32F4xx_HAL_Driver/Src/stm32f4xx_hal_dma.o
                0x0000000008002a64                HAL_DMA_IRQHandler
 .text.HAL_DMA_GetState
                0x0000000008002d78       0x1c ./Drivers/STM32F4xx_HAL_Driver/Src/stm32f4xx_hal_dma.o
                0x0000000008002d78                HAL_DMA_GetState
 .text.DMA_SetConfig
                0x0000000008002d94       0x5c ./Drivers/STM32F4xx_HAL_Driver/Src/stm32f4xx_hal_dma.o
 .text.DMA_CalcBaseAndBitshift
                0x0000000008002df0       0x6c ./Drivers/STM32F4xx_HAL_Driver/Src/stm32f4xx_hal_dma.o
 .text.DMA_CheckFifoParam
                0x0000000008002e5c       0xf8 ./Drivers/STM32F4xx_HAL_Driver/Src/stm32f4xx_hal_dma.o
 .text.HAL_DMAEx_MultiBufferStart_IT
                0x0000000008002f54     0x1290 ./Drivers/STM32F4xx_HAL_Driver/Src/stm32f4xx_hal_dma_ex.o
                0x0000000008002f54                HAL_DMAEx_MultiBufferStart_IT
 .text.HAL_DMAEx_ChangeMemory
                0x00000000080041e4       0x34 ./Drivers/STM32F4xx_HAL_Driver/Src/stm32f4xx_hal_dma_ex.o
                0x00000000080041e4                HAL_DMAEx_ChangeMemory
 .text.DMA_MultiBufferSetConfig
                0x0000000008004218       0x4c ./Drivers/STM32F4xx_HAL_Driver/Src/stm32f4xx_hal_dma_ex.o
 .text.HAL_GPIO_Init
                0x0000000008004264      0x338 ./Drivers/STM32F4xx_HAL_Driver/Src/stm32f4xx_hal_gpio.o
                0x0000000008004264                HAL_GPIO_Init
 .text.HAL_GPIO_WritePin
                0x000000000800459c       0x32 ./Drivers/STM32F4xx_HAL_Driver/Src/stm32f4xx_hal_gpio.o
                0x000000000800459c                HAL_GPIO_WritePin
 *fill*         0x00000000080045ce        0x2 
 .text.HAL_GPIO_EXTI_IRQHandler
                0x00000000080045d0       0x30 ./Drivers/STM32F4xx_HAL_Driver/Src/stm32f4xx_hal_gpio.o
                0x00000000080045d0                HAL_GPIO_EXTI_IRQHandler
 .text.HAL_GPIO_EXTI_Callback
                0x0000000008004600       0x16 ./Drivers/STM32F4xx_HAL_Driver/Src/stm32f4xx_hal_gpio.o
                0x0000000008004600                HAL_GPIO_EXTI_Callback
 *fill*         0x0000000008004616        0x2 
 .text.HAL_I2C_Init
                0x0000000008004618      0x288 ./Drivers/STM32F4xx_HAL_Driver/Src/stm32f4xx_hal_i2c.o
                0x0000000008004618                HAL_I2C_Init
 .text.HAL_I2C_Master_Transmit
                0x00000000080048a0      0x1fc ./Drivers/STM32F4xx_HAL_Driver/Src/stm32f4xx_hal_i2c.o
                0x00000000080048a0                HAL_I2C_Master_Transmit
 .text.HAL_I2C_Mem_Write
                0x0000000008004a9c      0x1f4 ./Drivers/STM32F4xx_HAL_Driver/Src/stm32f4xx_hal_i2c.o
                0x0000000008004a9c                HAL_I2C_Mem_Write
 .text.HAL_I2C_EV_IRQHandler
                0x0000000008004c90      0x2e2 ./Drivers/STM32F4xx_HAL_Driver/Src/stm32f4xx_hal_i2c.o
                0x0000000008004c90                HAL_I2C_EV_IRQHandler
 .text.HAL_I2C_ER_IRQHandler
                0x0000000008004f72      0x14e ./Drivers/STM32F4xx_HAL_Driver/Src/stm32f4xx_hal_i2c.o
                0x0000000008004f72                HAL_I2C_ER_IRQHandler
 .text.HAL_I2C_MasterTxCpltCallback
                0x00000000080050c0       0x14 ./Drivers/STM32F4xx_HAL_Driver/Src/stm32f4xx_hal_i2c.o
                0x00000000080050c0                HAL_I2C_MasterTxCpltCallback
 .text.HAL_I2C_MasterRxCpltCallback
                0x00000000080050d4       0x14 ./Drivers/STM32F4xx_HAL_Driver/Src/stm32f4xx_hal_i2c.o
                0x00000000080050d4                HAL_I2C_MasterRxCpltCallback
 .text.HAL_I2C_SlaveTxCpltCallback
                0x00000000080050e8       0x14 ./Drivers/STM32F4xx_HAL_Driver/Src/stm32f4xx_hal_i2c.o
                0x00000000080050e8                HAL_I2C_SlaveTxCpltCallback
 .text.HAL_I2C_SlaveRxCpltCallback
                0x00000000080050fc       0x14 ./Drivers/STM32F4xx_HAL_Driver/Src/stm32f4xx_hal_i2c.o
                0x00000000080050fc                HAL_I2C_SlaveRxCpltCallback
 .text.HAL_I2C_AddrCallback
                0x0000000008005110       0x1c ./Drivers/STM32F4xx_HAL_Driver/Src/stm32f4xx_hal_i2c.o
                0x0000000008005110                HAL_I2C_AddrCallback
 .text.HAL_I2C_ListenCpltCallback
                0x000000000800512c       0x14 ./Drivers/STM32F4xx_HAL_Driver/Src/stm32f4xx_hal_i2c.o
                0x000000000800512c                HAL_I2C_ListenCpltCallback
 .text.HAL_I2C_MemTxCpltCallback
                0x0000000008005140       0x14 ./Drivers/STM32F4xx_HAL_Driver/Src/stm32f4xx_hal_i2c.o
                0x0000000008005140                HAL_I2C_MemTxCpltCallback
 .text.HAL_I2C_MemRxCpltCallback
                0x0000000008005154       0x14 ./Drivers/STM32F4xx_HAL_Driver/Src/stm32f4xx_hal_i2c.o
                0x0000000008005154                HAL_I2C_MemRxCpltCallback
 .text.HAL_I2C_ErrorCallback
                0x0000000008005168       0x14 ./Drivers/STM32F4xx_HAL_Driver/Src/stm32f4xx_hal_i2c.o
                0x0000000008005168                HAL_I2C_ErrorCallback
 .text.HAL_I2C_AbortCpltCallback
                0x000000000800517c       0x14 ./Drivers/STM32F4xx_HAL_Driver/Src/stm32f4xx_hal_i2c.o
                0x000000000800517c                HAL_I2C_AbortCpltCallback
 .text.I2C_MasterTransmit_TXE
                0x0000000008005190      0x138 ./Drivers/STM32F4xx_HAL_Driver/Src/stm32f4xx_hal_i2c.o
 .text.I2C_MasterTransmit_BTF
                0x00000000080052c8       0xec ./Drivers/STM32F4xx_HAL_Driver/Src/stm32f4xx_hal_i2c.o
 .text.I2C_MemoryTransmit_TXE_BTF
                0x00000000080053b4      0x128 ./Drivers/STM32F4xx_HAL_Driver/Src/stm32f4xx_hal_i2c.o
 .text.I2C_MasterReceive_RXNE
                0x00000000080054dc      0x162 ./Drivers/STM32F4xx_HAL_Driver/Src/stm32f4xx_hal_i2c.o
 .text.I2C_MasterReceive_BTF
                0x000000000800563e      0x1d4 ./Drivers/STM32F4xx_HAL_Driver/Src/stm32f4xx_hal_i2c.o
 .text.I2C_Master_SB
                0x0000000008005812      0x10c ./Drivers/STM32F4xx_HAL_Driver/Src/stm32f4xx_hal_i2c.o
 .text.I2C_Master_ADD10
                0x000000000800591e       0x54 ./Drivers/STM32F4xx_HAL_Driver/Src/stm32f4xx_hal_i2c.o
 .text.I2C_Master_ADDR
                0x0000000008005972      0x322 ./Drivers/STM32F4xx_HAL_Driver/Src/stm32f4xx_hal_i2c.o
 .text.I2C_SlaveTransmit_TXE
                0x0000000008005c94       0x7a ./Drivers/STM32F4xx_HAL_Driver/Src/stm32f4xx_hal_i2c.o
 .text.I2C_SlaveTransmit_BTF
                0x0000000008005d0e       0x42 ./Drivers/STM32F4xx_HAL_Driver/Src/stm32f4xx_hal_i2c.o
 .text.I2C_SlaveReceive_RXNE
                0x0000000008005d50       0x7c ./Drivers/STM32F4xx_HAL_Driver/Src/stm32f4xx_hal_i2c.o
 .text.I2C_SlaveReceive_BTF
                0x0000000008005dcc       0x44 ./Drivers/STM32F4xx_HAL_Driver/Src/stm32f4xx_hal_i2c.o
 .text.I2C_Slave_ADDR
                0x0000000008005e10       0x94 ./Drivers/STM32F4xx_HAL_Driver/Src/stm32f4xx_hal_i2c.o
 .text.I2C_Slave_STOPF
                0x0000000008005ea4      0x260 ./Drivers/STM32F4xx_HAL_Driver/Src/stm32f4xx_hal_i2c.o
 .text.I2C_Slave_AF
                0x0000000008006104       0xe0 ./Drivers/STM32F4xx_HAL_Driver/Src/stm32f4xx_hal_i2c.o
 .text.I2C_ITError
                0x00000000080061e4      0x264 ./Drivers/STM32F4xx_HAL_Driver/Src/stm32f4xx_hal_i2c.o
 .text.I2C_MasterRequestWrite
                0x0000000008006448      0x104 ./Drivers/STM32F4xx_HAL_Driver/Src/stm32f4xx_hal_i2c.o
 .text.I2C_RequestMemoryWrite
                0x000000000800654c      0x12c ./Drivers/STM32F4xx_HAL_Driver/Src/stm32f4xx_hal_i2c.o
 .text.I2C_DMAAbort
                0x0000000008006678      0x150 ./Drivers/STM32F4xx_HAL_Driver/Src/stm32f4xx_hal_i2c.o
 .text.I2C_WaitOnFlagUntilTimeout
                0x00000000080067c8       0xae ./Drivers/STM32F4xx_HAL_Driver/Src/stm32f4xx_hal_i2c.o
 .text.I2C_WaitOnMasterAddressFlagUntilTimeout
                0x0000000008006876       0xfe ./Drivers/STM32F4xx_HAL_Driver/Src/stm32f4xx_hal_i2c.o
 .text.I2C_WaitOnTXEFlagUntilTimeout
                0x0000000008006974       0x82 ./Drivers/STM32F4xx_HAL_Driver/Src/stm32f4xx_hal_i2c.o
 .text.I2C_WaitOnBTFFlagUntilTimeout
                0x00000000080069f6       0x82 ./Drivers/STM32F4xx_HAL_Driver/Src/stm32f4xx_hal_i2c.o
 .text.I2C_WaitOnSTOPRequestThroughIT
                0x0000000008006a78       0x64 ./Drivers/STM32F4xx_HAL_Driver/Src/stm32f4xx_hal_i2c.o
 .text.I2C_IsAcknowledgeFailed
                0x0000000008006adc       0x5e ./Drivers/STM32F4xx_HAL_Driver/Src/stm32f4xx_hal_i2c.o
 .text.I2C_ConvertOtherXferOptions
                0x0000000008006b3a       0x36 ./Drivers/STM32F4xx_HAL_Driver/Src/stm32f4xx_hal_i2c.o
 .text.HAL_RCC_OscConfig
                0x0000000008006b70      0x4f0 ./Drivers/STM32F4xx_HAL_Driver/Src/stm32f4xx_hal_rcc.o
                0x0000000008006b70                HAL_RCC_OscConfig
 .text.HAL_RCC_ClockConfig
                0x0000000008007060      0x1cc ./Drivers/STM32F4xx_HAL_Driver/Src/stm32f4xx_hal_rcc.o
                0x0000000008007060                HAL_RCC_ClockConfig
 .text.HAL_RCC_MCOConfig
                0x000000000800722c       0xd0 ./Drivers/STM32F4xx_HAL_Driver/Src/stm32f4xx_hal_rcc.o
                0x000000000800722c                HAL_RCC_MCOConfig
 .text.HAL_RCC_GetSysClockFreq
                0x00000000080072fc      0x1c4 ./Drivers/STM32F4xx_HAL_Driver/Src/stm32f4xx_hal_rcc.o
                0x00000000080072fc                HAL_RCC_GetSysClockFreq
 .text.HAL_RCC_GetHCLKFreq
                0x00000000080074c0       0x18 ./Drivers/STM32F4xx_HAL_Driver/Src/stm32f4xx_hal_rcc.o
                0x00000000080074c0                HAL_RCC_GetHCLKFreq
 .text.HAL_RCC_GetPCLK1Freq
                0x00000000080074d8       0x28 ./Drivers/STM32F4xx_HAL_Driver/Src/stm32f4xx_hal_rcc.o
                0x00000000080074d8                HAL_RCC_GetPCLK1Freq
 .text.HAL_RCC_GetPCLK2Freq
                0x0000000008007500       0x28 ./Drivers/STM32F4xx_HAL_Driver/Src/stm32f4xx_hal_rcc.o
                0x0000000008007500                HAL_RCC_GetPCLK2Freq
 .text.HAL_SPI_Init
                0x0000000008007528      0x112 ./Drivers/STM32F4xx_HAL_Driver/Src/stm32f4xx_hal_spi.o
                0x0000000008007528                HAL_SPI_Init
 .text.HAL_SPI_Transmit
                0x000000000800763a      0x278 ./Drivers/STM32F4xx_HAL_Driver/Src/stm32f4xx_hal_spi.o
                0x000000000800763a                HAL_SPI_Transmit
 .text.HAL_SPI_TransmitReceive
                0x00000000080078b2      0x344 ./Drivers/STM32F4xx_HAL_Driver/Src/stm32f4xx_hal_spi.o
                0x00000000080078b2                HAL_SPI_TransmitReceive
 .text.HAL_SPI_GetState
                0x0000000008007bf6       0x1c ./Drivers/STM32F4xx_HAL_Driver/Src/stm32f4xx_hal_spi.o
                0x0000000008007bf6                HAL_SPI_GetState
 *fill*         0x0000000008007c12        0x2 
 .text.SPI_WaitFlagStateUntilTimeout
                0x0000000008007c14      0x110 ./Drivers/STM32F4xx_HAL_Driver/Src/stm32f4xx_hal_spi.o
 .text.SPI_EndRxTxTransaction
                0x0000000008007d24       0x84 ./Drivers/STM32F4xx_HAL_Driver/Src/stm32f4xx_hal_spi.o
 .text.HAL_UART_Init
                0x0000000008007da8       0x9a ./Drivers/STM32F4xx_HAL_Driver/Src/stm32f4xx_hal_uart.o
                0x0000000008007da8                HAL_UART_Init
 .text.HAL_UART_Transmit
                0x0000000008007e42      0x124 ./Drivers/STM32F4xx_HAL_Driver/Src/stm32f4xx_hal_uart.o
                0x0000000008007e42                HAL_UART_Transmit
 .text.HAL_UART_Receive_IT
                0x0000000008007f66       0x60 ./Drivers/STM32F4xx_HAL_Driver/Src/stm32f4xx_hal_uart.o
                0x0000000008007f66                HAL_UART_Receive_IT
 *fill*         0x0000000008007fc6        0x2 
 .text.HAL_UART_IRQHandler
                0x0000000008007fc8      0x51c ./Drivers/STM32F4xx_HAL_Driver/Src/stm32f4xx_hal_uart.o
                0x0000000008007fc8                HAL_UART_IRQHandler
 .text.HAL_UART_TxCpltCallback
                0x00000000080084e4       0x14 ./Drivers/STM32F4xx_HAL_Driver/Src/stm32f4xx_hal_uart.o
                0x00000000080084e4                HAL_UART_TxCpltCallback
 .text.HAL_UART_RxCpltCallback
                0x00000000080084f8       0x14 ./Drivers/STM32F4xx_HAL_Driver/Src/stm32f4xx_hal_uart.o
                0x00000000080084f8                HAL_UART_RxCpltCallback
 .text.HAL_UART_ErrorCallback
                0x000000000800850c       0x14 ./Drivers/STM32F4xx_HAL_Driver/Src/stm32f4xx_hal_uart.o
                0x000000000800850c                HAL_UART_ErrorCallback
 .text.HAL_UARTEx_RxEventCallback
                0x0000000008008520       0x18 ./Drivers/STM32F4xx_HAL_Driver/Src/stm32f4xx_hal_uart.o
                0x0000000008008520                HAL_UARTEx_RxEventCallback
 .text.UART_WaitOnFlagUntilTimeout
                0x0000000008008538       0xdc ./Drivers/STM32F4xx_HAL_Driver/Src/stm32f4xx_hal_uart.o
 .text.UART_Start_Receive_IT
                0x0000000008008614       0x74 ./Drivers/STM32F4xx_HAL_Driver/Src/stm32f4xx_hal_uart.o
                0x0000000008008614                UART_Start_Receive_IT
 .text.UART_EndRxTransfer
                0x0000000008008688       0xc6 ./Drivers/STM32F4xx_HAL_Driver/Src/stm32f4xx_hal_uart.o
 .text.UART_DMAAbortOnError
                0x000000000800874e       0x28 ./Drivers/STM32F4xx_HAL_Driver/Src/stm32f4xx_hal_uart.o
 .text.UART_Transmit_IT
                0x0000000008008776       0xa0 ./Drivers/STM32F4xx_HAL_Driver/Src/stm32f4xx_hal_uart.o
 .text.UART_EndTransmit_IT
                0x0000000008008816       0x30 ./Drivers/STM32F4xx_HAL_Driver/Src/stm32f4xx_hal_uart.o
 .text.UART_Receive_IT
                0x0000000008008846      0x176 ./Drivers/STM32F4xx_HAL_Driver/Src/stm32f4xx_hal_uart.o
 .text.UART_SetConfig
                0x00000000080089bc      0x390 ./Drivers/STM32F4xx_HAL_Driver/Src/stm32f4xx_hal_uart.o
 .text.MX_FATFS_Init
                0x0000000008008d4c       0x24 ./FATFS/App/fatfs.o
                0x0000000008008d4c                MX_FATFS_Init
 .text.USER_initialize
                0x0000000008008d70       0x2c ./FATFS/Target/user_diskio.o
                0x0000000008008d70                USER_initialize
 .text.USER_status
                0x0000000008008d9c       0x1c ./FATFS/Target/user_diskio.o
                0x0000000008008d9c                USER_status
 .text.USER_read
                0x0000000008008db8       0x26 ./FATFS/Target/user_diskio.o
                0x0000000008008db8                USER_read
 .text.USER_write
                0x0000000008008dde       0x26 ./FATFS/Target/user_diskio.o
                0x0000000008008dde                USER_write
 .text.USER_ioctl
                0x0000000008008e04       0x26 ./FATFS/Target/user_diskio.o
                0x0000000008008e04                USER_ioctl
 *fill*         0x0000000008008e2a        0x2 
 .text.FATFS_LinkDriverEx
                0x0000000008008e2c       0x98 ./Middlewares/Third_Party/FatFs/src/ff_gen_drv.o
                0x0000000008008e2c                FATFS_LinkDriverEx
 .text.FATFS_LinkDriver
                0x0000000008008ec4       0x1e ./Middlewares/Third_Party/FatFs/src/ff_gen_drv.o
                0x0000000008008ec4                FATFS_LinkDriver
 *fill*         0x0000000008008ee2        0x2 
 .text.__libc_init_array
                0x0000000008008ee4       0x48 c:/st/stm32cubeide_1.6.0/stm32cubeide/plugins/com.st.stm32cube.ide.mcu.externaltools.gnu-tools-for-stm32.9-2020-q2-update.win32_2.0.0.202105311346/tools/bin/../lib/gcc/arm-none-eabi/9.3.1/../../../../arm-none-eabi/lib/thumb/v7e-m+fp/hard\libc_nano.a(lib_a-init.o)
                0x0000000008008ee4                __libc_init_array
 .text.memset   0x0000000008008f2c       0x10 c:/st/stm32cubeide_1.6.0/stm32cubeide/plugins/com.st.stm32cube.ide.mcu.externaltools.gnu-tools-for-stm32.9-2020-q2-update.win32_2.0.0.202105311346/tools/bin/../lib/gcc/arm-none-eabi/9.3.1/../../../../arm-none-eabi/lib/thumb/v7e-m+fp/hard\libc_nano.a(lib_a-memset.o)
                0x0000000008008f2c                memset
 *(.glue_7)
 .glue_7        0x0000000008008f3c        0x0 linker stubs
 *(.glue_7t)
 .glue_7t       0x0000000008008f3c        0x0 linker stubs
 *(.eh_frame)
 .eh_frame      0x0000000008008f3c        0x0 c:/st/stm32cubeide_1.6.0/stm32cubeide/plugins/com.st.stm32cube.ide.mcu.externaltools.gnu-tools-for-stm32.9-2020-q2-update.win32_2.0.0.202105311346/tools/bin/../lib/gcc/arm-none-eabi/9.3.1/thumb/v7e-m+fp/hard/crtbegin.o
 *(.init)
 .init          0x0000000008008f3c        0x4 c:/st/stm32cubeide_1.6.0/stm32cubeide/plugins/com.st.stm32cube.ide.mcu.externaltools.gnu-tools-for-stm32.9-2020-q2-update.win32_2.0.0.202105311346/tools/bin/../lib/gcc/arm-none-eabi/9.3.1/thumb/v7e-m+fp/hard/crti.o
                0x0000000008008f3c                _init
 .init          0x0000000008008f40        0x8 c:/st/stm32cubeide_1.6.0/stm32cubeide/plugins/com.st.stm32cube.ide.mcu.externaltools.gnu-tools-for-stm32.9-2020-q2-update.win32_2.0.0.202105311346/tools/bin/../lib/gcc/arm-none-eabi/9.3.1/thumb/v7e-m+fp/hard/crtn.o
 *(.fini)
 .fini          0x0000000008008f48        0x4 c:/st/stm32cubeide_1.6.0/stm32cubeide/plugins/com.st.stm32cube.ide.mcu.externaltools.gnu-tools-for-stm32.9-2020-q2-update.win32_2.0.0.202105311346/tools/bin/../lib/gcc/arm-none-eabi/9.3.1/thumb/v7e-m+fp/hard/crti.o
                0x0000000008008f48                _fini
 .fini          0x0000000008008f4c        0x8 c:/st/stm32cubeide_1.6.0/stm32cubeide/plugins/com.st.stm32cube.ide.mcu.externaltools.gnu-tools-for-stm32.9-2020-q2-update.win32_2.0.0.202105311346/tools/bin/../lib/gcc/arm-none-eabi/9.3.1/thumb/v7e-m+fp/hard/crtn.o
                0x0000000008008f54                . = ALIGN (0x4)
                0x0000000008008f54                _etext = .

.vfp11_veneer   0x0000000008008f54        0x0
 .vfp11_veneer  0x0000000008008f54        0x0 linker stubs

.v4_bx          0x0000000008008f54        0x0
 .v4_bx         0x0000000008008f54        0x0 linker stubs

.iplt           0x0000000008008f54        0x0
 .iplt          0x0000000008008f54        0x0 c:/st/stm32cubeide_1.6.0/stm32cubeide/plugins/com.st.stm32cube.ide.mcu.externaltools.gnu-tools-for-stm32.9-2020-q2-update.win32_2.0.0.202105311346/tools/bin/../lib/gcc/arm-none-eabi/9.3.1/thumb/v7e-m+fp/hard/crtbegin.o

.rodata         0x0000000008008f54      0x28c
                0x0000000008008f54                . = ALIGN (0x4)
 *(.rodata)
 *(.rodata*)
 .rodata._ZL6fcstab
                0x0000000008008f54      0x200 ./Core/Src/CRC.o
 .rodata.OV7670_registrs
                0x0000000008009154       0x34 ./Core/Src/camera.o
                0x0000000008009154                OV7670_registrs
 .rodata._ZL7bmp_tou
                0x0000000008009188       0x36 ./Core/Src/main.o
 *fill*         0x00000000080091be        0x2 
 .rodata.AHBPrescTable
                0x00000000080091c0       0x10 ./Core/Src/system_stm32f4xx.o
                0x00000000080091c0                AHBPrescTable
 .rodata.APBPrescTable
                0x00000000080091d0        0x8 ./Core/Src/system_stm32f4xx.o
                0x00000000080091d0                APBPrescTable
 .rodata.flagBitshiftOffset.8245
                0x00000000080091d8        0x8 ./Drivers/STM32F4xx_HAL_Driver/Src/stm32f4xx_hal_dma.o
                0x00000000080091e0                . = ALIGN (0x4)

.ARM.extab      0x00000000080091e0        0x0
                0x00000000080091e0                . = ALIGN (0x4)
 *(.ARM.extab* .gnu.linkonce.armextab.*)
                0x00000000080091e0                . = ALIGN (0x4)

.ARM            0x00000000080091e0        0x8
                0x00000000080091e0                . = ALIGN (0x4)
                0x00000000080091e0                __exidx_start = .
 *(.ARM.exidx*)
 .ARM.exidx     0x00000000080091e0        0x8 c:/st/stm32cubeide_1.6.0/stm32cubeide/plugins/com.st.stm32cube.ide.mcu.externaltools.gnu-tools-for-stm32.9-2020-q2-update.win32_2.0.0.202105311346/tools/bin/../lib/gcc/arm-none-eabi/9.3.1/thumb/v7e-m+fp/hard\libgcc.a(_udivmoddi4.o)
                0x00000000080091e8                __exidx_end = .
                0x00000000080091e8                . = ALIGN (0x4)

.rel.dyn        0x00000000080091e8        0x0
 .rel.iplt      0x00000000080091e8        0x0 c:/st/stm32cubeide_1.6.0/stm32cubeide/plugins/com.st.stm32cube.ide.mcu.externaltools.gnu-tools-for-stm32.9-2020-q2-update.win32_2.0.0.202105311346/tools/bin/../lib/gcc/arm-none-eabi/9.3.1/thumb/v7e-m+fp/hard/crtbegin.o

.preinit_array  0x00000000080091e8        0x0
                0x00000000080091e8                . = ALIGN (0x4)
                0x00000000080091e8                PROVIDE (__preinit_array_start = .)
 *(.preinit_array*)
                0x00000000080091e8                PROVIDE (__preinit_array_end = .)
                0x00000000080091e8                . = ALIGN (0x4)

.init_array     0x00000000080091e8        0x8
                0x00000000080091e8                . = ALIGN (0x4)
                0x00000000080091e8                PROVIDE (__init_array_start = .)
 *(SORT_BY_NAME(.init_array.*))
 *(.init_array*)
 .init_array    0x00000000080091e8        0x4 c:/st/stm32cubeide_1.6.0/stm32cubeide/plugins/com.st.stm32cube.ide.mcu.externaltools.gnu-tools-for-stm32.9-2020-q2-update.win32_2.0.0.202105311346/tools/bin/../lib/gcc/arm-none-eabi/9.3.1/thumb/v7e-m+fp/hard/crtbegin.o
 .init_array    0x00000000080091ec        0x4 ./Core/Src/main.o
                0x00000000080091f0                PROVIDE (__init_array_end = .)
                0x00000000080091f0                . = ALIGN (0x4)

.fini_array     0x00000000080091f0        0x4
                0x00000000080091f0                . = ALIGN (0x4)
                [!provide]                        PROVIDE (__fini_array_start = .)
 *(SORT_BY_NAME(.fini_array.*))
 *(.fini_array*)
 .fini_array    0x00000000080091f0        0x4 c:/st/stm32cubeide_1.6.0/stm32cubeide/plugins/com.st.stm32cube.ide.mcu.externaltools.gnu-tools-for-stm32.9-2020-q2-update.win32_2.0.0.202105311346/tools/bin/../lib/gcc/arm-none-eabi/9.3.1/thumb/v7e-m+fp/hard/crtbegin.o
                [!provide]                        PROVIDE (__fini_array_end = .)
                0x00000000080091f4                . = ALIGN (0x4)
                0x00000000080091f4                _sidata = LOADADDR (.data)

.data           0x0000000020000000      0x2d8 load address 0x00000000080091f4
                0x0000000020000000                . = ALIGN (0x4)
                0x0000000020000000                _sdata = .
 *(.data)
 *(.data*)
 .data.Stat     0x0000000020000000        0x1 ./Core/Src/fatfs_sd.o
 *fill*         0x0000000020000001        0x3 
 .data.white    0x0000000020000004      0x2b2 ./Core/Src/main.o
                0x0000000020000004                white
 *fill*         0x00000000200002b6        0x2 
 .data.SystemCoreClock
                0x00000000200002b8        0x4 ./Core/Src/system_stm32f4xx.o
                0x00000000200002b8                SystemCoreClock
 .data.uwTickPrio
                0x00000000200002bc        0x4 ./Drivers/STM32F4xx_HAL_Driver/Src/stm32f4xx_hal.o
                0x00000000200002bc                uwTickPrio
 .data.uwTickFreq
                0x00000000200002c0        0x1 ./Drivers/STM32F4xx_HAL_Driver/Src/stm32f4xx_hal.o
                0x00000000200002c0                uwTickFreq
 .data.Stat     0x00000000200002c1        0x1 ./FATFS/Target/user_diskio.o
 *fill*         0x00000000200002c2        0x2 
 .data.USER_Driver
                0x00000000200002c4       0x14 ./FATFS/Target/user_diskio.o
                0x00000000200002c4                USER_Driver
 *(.RamFunc)
 *(.RamFunc*)
                0x00000000200002d8                . = ALIGN (0x4)
                0x00000000200002d8                _edata = .
                0x00000000080094cc                _siccmram = LOADADDR (.ccmram)

.igot.plt       0x00000000200002d8        0x0 load address 0x00000000080094cc
 .igot.plt      0x00000000200002d8        0x0 c:/st/stm32cubeide_1.6.0/stm32cubeide/plugins/com.st.stm32cube.ide.mcu.externaltools.gnu-tools-for-stm32.9-2020-q2-update.win32_2.0.0.202105311346/tools/bin/../lib/gcc/arm-none-eabi/9.3.1/thumb/v7e-m+fp/hard/crtbegin.o

.ccmram         0x0000000010000000        0x0 load address 0x00000000080094cc
                0x0000000010000000                . = ALIGN (0x4)
                0x0000000010000000                _sccmram = .
 *(.ccmram)
 *(.ccmram*)
                0x0000000010000000                . = ALIGN (0x4)
                0x0000000010000000                _eccmram = .
                0x0000000010000000                . = ALIGN (0x4)

.bss            0x00000000200002d8     0xec10
                0x00000000200002d8                _sbss = .
                0x00000000200002d8                __bss_start__ = _sbss
 *(.bss)
 .bss           0x00000000200002d8       0x1c c:/st/stm32cubeide_1.6.0/stm32cubeide/plugins/com.st.stm32cube.ide.mcu.externaltools.gnu-tools-for-stm32.9-2020-q2-update.win32_2.0.0.202105311346/tools/bin/../lib/gcc/arm-none-eabi/9.3.1/thumb/v7e-m+fp/hard/crtbegin.o
 *(.bss*)
 .bss.CardType  0x00000000200002f4        0x1 ./Core/Src/fatfs_sd.o
 .bss.PowerFlag
                0x00000000200002f5        0x1 ./Core/Src/fatfs_sd.o
 *fill*         0x00000000200002f6        0x2 
 .bss.hdcmi     0x00000000200002f8       0x40 ./Core/Src/main.o
                0x00000000200002f8                hdcmi
 .bss.hdma_dcmi
                0x0000000020000338       0x60 ./Core/Src/main.o
                0x0000000020000338                hdma_dcmi
 .bss.hi2c1     0x0000000020000398       0x54 ./Core/Src/main.o
                0x0000000020000398                hi2c1
 .bss.hspi1     0x00000000200003ec       0x58 ./Core/Src/main.o
                0x00000000200003ec                hspi1
 .bss.write_flag
                0x0000000020000444        0x1 ./Core/Src/main.o
                0x0000000020000444                write_flag
 *fill*         0x0000000020000445        0x3 
 .bss.huart4    0x0000000020000448       0x44 ./Core/Src/main.o
                0x0000000020000448                huart4
 .bss.ttDataLinkLayerPoint
                0x000000002000048c      0x814 ./Core/Src/main.o
                0x000000002000048c                ttDataLinkLayerPoint
 .bss.buffer    0x0000000020000ca0        0x6 ./Core/Src/main.o
                0x0000000020000ca0                buffer
 *fill*         0x0000000020000ca6        0x2 
 .bss.adres     0x0000000020000ca8     0xc1b6 ./Core/Src/main.o
                0x0000000020000ca8                adres
 .bss.FatFsCnt  0x000000002000ce5e        0x1 ./Core/Src/main.o
                0x000000002000ce5e                FatFsCnt
 .bss.Timer1    0x000000002000ce5f        0x1 ./Core/Src/main.o
                0x000000002000ce5f                Timer1
 .bss.Timer2    0x000000002000ce60        0x1 ./Core/Src/main.o
                0x000000002000ce60                Timer2
 *fill*         0x000000002000ce61        0x3 
 .bss.a         0x000000002000ce64        0x4 ./Core/Src/stm32f4xx_it.o
                0x000000002000ce64                a
 .bss.disk      0x000000002000ce68        0xc ./Middlewares/Third_Party/FatFs/src/ff_gen_drv.o
                0x000000002000ce68                disk
 *(COMMON)
 COMMON         0x000000002000ce74        0x4 ./Core/Src/camera.o
                0x000000002000ce74                hi2c
 COMMON         0x000000002000ce78        0x4 ./Drivers/STM32F4xx_HAL_Driver/Src/stm32f4xx_hal.o
                0x000000002000ce78                uwTick
 COMMON         0x000000002000ce7c     0x206c ./FATFS/App/fatfs.o
                0x000000002000ce7c                USERPath
                0x000000002000ce80                retUSER
                0x000000002000ce84                USERFile
                0x000000002000deb4                USERFatFS
                0x000000002000eee8                . = ALIGN (0x4)
                0x000000002000eee8                _ebss = .
                0x000000002000eee8                __bss_end__ = _ebss

._user_heap_stack
                0x000000002000eee8      0x600
                0x000000002000eee8                . = ALIGN (0x8)
                [!provide]                        PROVIDE (end = .)
                0x000000002000eee8                PROVIDE (_end = .)
                0x000000002000f0e8                . = (. + _Min_Heap_Size)
 *fill*         0x000000002000eee8      0x200 
                0x000000002000f4e8                . = (. + _Min_Stack_Size)
 *fill*         0x000000002000f0e8      0x400 
                0x000000002000f4e8                . = ALIGN (0x8)

/DISCARD/
 libc.a(*)
 libm.a(*)
 libgcc.a(*)

.ARM.attributes
                0x0000000000000000       0x30
 *(.ARM.attributes)
 .ARM.attributes
                0x0000000000000000       0x1e c:/st/stm32cubeide_1.6.0/stm32cubeide/plugins/com.st.stm32cube.ide.mcu.externaltools.gnu-tools-for-stm32.9-2020-q2-update.win32_2.0.0.202105311346/tools/bin/../lib/gcc/arm-none-eabi/9.3.1/thumb/v7e-m+fp/hard/crti.o
 .ARM.attributes
                0x000000000000001e       0x34 c:/st/stm32cubeide_1.6.0/stm32cubeide/plugins/com.st.stm32cube.ide.mcu.externaltools.gnu-tools-for-stm32.9-2020-q2-update.win32_2.0.0.202105311346/tools/bin/../lib/gcc/arm-none-eabi/9.3.1/thumb/v7e-m+fp/hard/crtbegin.o
 .ARM.attributes
                0x0000000000000052       0x34 ./Core/Src/CRC.o
 .ARM.attributes
                0x0000000000000086       0x34 ./Core/Src/DataLinKLayer.o
 .ARM.attributes
                0x00000000000000ba       0x34 ./Core/Src/camera.o
 .ARM.attributes
                0x00000000000000ee       0x34 ./Core/Src/fatfs_sd.o
 .ARM.attributes
                0x0000000000000122       0x34 ./Core/Src/main.o
 .ARM.attributes
                0x0000000000000156       0x34 ./Core/Src/stm32f4xx_hal_msp.o
 .ARM.attributes
                0x000000000000018a       0x34 ./Core/Src/stm32f4xx_it.o
 .ARM.attributes
                0x00000000000001be       0x34 ./Core/Src/system_stm32f4xx.o
 .ARM.attributes
                0x00000000000001f2       0x21 ./Core/Startup/startup_stm32f407vgtx.o
 .ARM.attributes
                0x0000000000000213       0x34 ./Drivers/STM32F4xx_HAL_Driver/Src/stm32f4xx_hal.o
 .ARM.attributes
                0x0000000000000247       0x34 ./Drivers/STM32F4xx_HAL_Driver/Src/stm32f4xx_hal_cortex.o
 .ARM.attributes
                0x000000000000027b       0x34 ./Drivers/STM32F4xx_HAL_Driver/Src/stm32f4xx_hal_dcmi.o
 .ARM.attributes
                0x00000000000002af       0x34 ./Drivers/STM32F4xx_HAL_Driver/Src/stm32f4xx_hal_dcmi_ex.o
 .ARM.attributes
                0x00000000000002e3       0x34 ./Drivers/STM32F4xx_HAL_Driver/Src/stm32f4xx_hal_dma.o
 .ARM.attributes
                0x0000000000000317       0x34 ./Drivers/STM32F4xx_HAL_Driver/Src/stm32f4xx_hal_dma_ex.o
 .ARM.attributes
                0x000000000000034b       0x34 ./Drivers/STM32F4xx_HAL_Driver/Src/stm32f4xx_hal_gpio.o
 .ARM.attributes
                0x000000000000037f       0x34 ./Drivers/STM32F4xx_HAL_Driver/Src/stm32f4xx_hal_i2c.o
 .ARM.attributes
                0x00000000000003b3       0x34 ./Drivers/STM32F4xx_HAL_Driver/Src/stm32f4xx_hal_rcc.o
 .ARM.attributes
                0x00000000000003e7       0x34 ./Drivers/STM32F4xx_HAL_Driver/Src/stm32f4xx_hal_spi.o
 .ARM.attributes
                0x000000000000041b       0x34 ./Drivers/STM32F4xx_HAL_Driver/Src/stm32f4xx_hal_uart.o
 .ARM.attributes
                0x000000000000044f       0x34 ./FATFS/App/fatfs.o
 .ARM.attributes
                0x0000000000000483       0x34 ./FATFS/Target/user_diskio.o
 .ARM.attributes
                0x00000000000004b7       0x34 ./Middlewares/Third_Party/FatFs/src/ff_gen_drv.o
 .ARM.attributes
                0x00000000000004eb       0x34 c:/st/stm32cubeide_1.6.0/stm32cubeide/plugins/com.st.stm32cube.ide.mcu.externaltools.gnu-tools-for-stm32.9-2020-q2-update.win32_2.0.0.202105311346/tools/bin/../lib/gcc/arm-none-eabi/9.3.1/../../../../arm-none-eabi/lib/thumb/v7e-m+fp/hard\libc_nano.a(lib_a-init.o)
 .ARM.attributes
                0x000000000000051f       0x34 c:/st/stm32cubeide_1.6.0/stm32cubeide/plugins/com.st.stm32cube.ide.mcu.externaltools.gnu-tools-for-stm32.9-2020-q2-update.win32_2.0.0.202105311346/tools/bin/../lib/gcc/arm-none-eabi/9.3.1/../../../../arm-none-eabi/lib/thumb/v7e-m+fp/hard\libc_nano.a(lib_a-memset.o)
 .ARM.attributes
                0x0000000000000553       0x1e c:/st/stm32cubeide_1.6.0/stm32cubeide/plugins/com.st.stm32cube.ide.mcu.externaltools.gnu-tools-for-stm32.9-2020-q2-update.win32_2.0.0.202105311346/tools/bin/../lib/gcc/arm-none-eabi/9.3.1/thumb/v7e-m+fp/hard\libgcc.a(_aeabi_uldivmod.o)
 .ARM.attributes
                0x0000000000000571       0x34 c:/st/stm32cubeide_1.6.0/stm32cubeide/plugins/com.st.stm32cube.ide.mcu.externaltools.gnu-tools-for-stm32.9-2020-q2-update.win32_2.0.0.202105311346/tools/bin/../lib/gcc/arm-none-eabi/9.3.1/thumb/v7e-m+fp/hard\libgcc.a(_udivmoddi4.o)
 .ARM.attributes
                0x00000000000005a5       0x1e c:/st/stm32cubeide_1.6.0/stm32cubeide/plugins/com.st.stm32cube.ide.mcu.externaltools.gnu-tools-for-stm32.9-2020-q2-update.win32_2.0.0.202105311346/tools/bin/../lib/gcc/arm-none-eabi/9.3.1/thumb/v7e-m+fp/hard\libgcc.a(_dvmd_tls.o)
 .ARM.attributes
                0x00000000000005c3       0x1e c:/st/stm32cubeide_1.6.0/stm32cubeide/plugins/com.st.stm32cube.ide.mcu.externaltools.gnu-tools-for-stm32.9-2020-q2-update.win32_2.0.0.202105311346/tools/bin/../lib/gcc/arm-none-eabi/9.3.1/thumb/v7e-m+fp/hard/crtn.o
OUTPUT(Cam.elf elf32-littlearm)
LOAD linker stubs
LOAD c:/st/stm32cubeide_1.6.0/stm32cubeide/plugins/com.st.stm32cube.ide.mcu.externaltools.gnu-tools-for-stm32.9-2020-q2-update.win32_2.0.0.202105311346/tools/bin/../lib/gcc/arm-none-eabi/9.3.1/../../../../arm-none-eabi/lib/thumb/v7e-m+fp/hard\libc.a
LOAD c:/st/stm32cubeide_1.6.0/stm32cubeide/plugins/com.st.stm32cube.ide.mcu.externaltools.gnu-tools-for-stm32.9-2020-q2-update.win32_2.0.0.202105311346/tools/bin/../lib/gcc/arm-none-eabi/9.3.1/../../../../arm-none-eabi/lib/thumb/v7e-m+fp/hard\libm.a
LOAD c:/st/stm32cubeide_1.6.0/stm32cubeide/plugins/com.st.stm32cube.ide.mcu.externaltools.gnu-tools-for-stm32.9-2020-q2-update.win32_2.0.0.202105311346/tools/bin/../lib/gcc/arm-none-eabi/9.3.1/thumb/v7e-m+fp/hard\libgcc.a

.debug_info     0x0000000000000000    0x16834
 .debug_info    0x0000000000000000      0x381 ./Core/Src/CRC.o
 .debug_info    0x0000000000000381      0x2ba ./Core/Src/DataLinKLayer.o
 .debug_info    0x000000000000063b     0x13b6 ./Core/Src/camera.o
 .debug_info    0x00000000000019f1      0xccc ./Core/Src/fatfs_sd.o
 .debug_info    0x00000000000026bd     0x33a4 ./Core/Src/main.o
 .debug_info    0x0000000000005a61     0x1640 ./Core/Src/stm32f4xx_hal_msp.o
 .debug_info    0x00000000000070a1      0xc98 ./Core/Src/stm32f4xx_it.o
 .debug_info    0x0000000000007d39      0x5a4 ./Core/Src/system_stm32f4xx.o
 .debug_info    0x00000000000082dd       0x22 ./Core/Startup/startup_stm32f407vgtx.o
 .debug_info    0x00000000000082ff      0x9b2 ./Drivers/STM32F4xx_HAL_Driver/Src/stm32f4xx_hal.o
 .debug_info    0x0000000000008cb1      0xed7 ./Drivers/STM32F4xx_HAL_Driver/Src/stm32f4xx_hal_cortex.o
 .debug_info    0x0000000000009b88      0xb7e ./Drivers/STM32F4xx_HAL_Driver/Src/stm32f4xx_hal_dcmi.o
 .debug_info    0x000000000000a706      0x6bd ./Drivers/STM32F4xx_HAL_Driver/Src/stm32f4xx_hal_dcmi_ex.o
 .debug_info    0x000000000000adc3      0x9f1 ./Drivers/STM32F4xx_HAL_Driver/Src/stm32f4xx_hal_dma.o
 .debug_info    0x000000000000b7b4      0x62d ./Drivers/STM32F4xx_HAL_Driver/Src/stm32f4xx_hal_dma_ex.o
 .debug_info    0x000000000000bde1      0x83e ./Drivers/STM32F4xx_HAL_Driver/Src/stm32f4xx_hal_gpio.o
 .debug_info    0x000000000000c61f     0x264d ./Drivers/STM32F4xx_HAL_Driver/Src/stm32f4xx_hal_i2c.o
 .debug_info    0x000000000000ec6c      0x996 ./Drivers/STM32F4xx_HAL_Driver/Src/stm32f4xx_hal_rcc.o
 .debug_info    0x000000000000f602     0x17c0 ./Drivers/STM32F4xx_HAL_Driver/Src/stm32f4xx_hal_spi.o
 .debug_info    0x0000000000010dc2     0x31de ./Drivers/STM32F4xx_HAL_Driver/Src/stm32f4xx_hal_uart.o
 .debug_info    0x0000000000013fa0      0xe71 ./FATFS/App/fatfs.o
 .debug_info    0x0000000000014e11      0xcea ./FATFS/Target/user_diskio.o
 .debug_info    0x0000000000015afb      0xd39 ./Middlewares/Third_Party/FatFs/src/ff_gen_drv.o

.debug_abbrev   0x0000000000000000     0x321a
 .debug_abbrev  0x0000000000000000       0xfa ./Core/Src/CRC.o
 .debug_abbrev  0x00000000000000fa      0x171 ./Core/Src/DataLinKLayer.o
 .debug_abbrev  0x000000000000026b      0x262 ./Core/Src/camera.o
 .debug_abbrev  0x00000000000004cd      0x298 ./Core/Src/fatfs_sd.o
 .debug_abbrev  0x0000000000000765      0x621 ./Core/Src/main.o
 .debug_abbrev  0x0000000000000d86      0x1f3 ./Core/Src/stm32f4xx_hal_msp.o
 .debug_abbrev  0x0000000000000f79      0x199 ./Core/Src/stm32f4xx_it.o
 .debug_abbrev  0x0000000000001112      0x145 ./Core/Src/system_stm32f4xx.o
 .debug_abbrev  0x0000000000001257       0x12 ./Core/Startup/startup_stm32f407vgtx.o
 .debug_abbrev  0x0000000000001269      0x1ed ./Drivers/STM32F4xx_HAL_Driver/Src/stm32f4xx_hal.o
 .debug_abbrev  0x0000000000001456      0x33c ./Drivers/STM32F4xx_HAL_Driver/Src/stm32f4xx_hal_cortex.o
 .debug_abbrev  0x0000000000001792      0x22e ./Drivers/STM32F4xx_HAL_Driver/Src/stm32f4xx_hal_dcmi.o
 .debug_abbrev  0x00000000000019c0      0x15e ./Drivers/STM32F4xx_HAL_Driver/Src/stm32f4xx_hal_dcmi_ex.o
 .debug_abbrev  0x0000000000001b1e      0x259 ./Drivers/STM32F4xx_HAL_Driver/Src/stm32f4xx_hal_dma.o
 .debug_abbrev  0x0000000000001d77      0x1d4 ./Drivers/STM32F4xx_HAL_Driver/Src/stm32f4xx_hal_dma_ex.o
 .debug_abbrev  0x0000000000001f4b      0x1f1 ./Drivers/STM32F4xx_HAL_Driver/Src/stm32f4xx_hal_gpio.o
 .debug_abbrev  0x000000000000213c      0x282 ./Drivers/STM32F4xx_HAL_Driver/Src/stm32f4xx_hal_i2c.o
 .debug_abbrev  0x00000000000023be      0x275 ./Drivers/STM32F4xx_HAL_Driver/Src/stm32f4xx_hal_rcc.o
 .debug_abbrev  0x0000000000002633      0x26e ./Drivers/STM32F4xx_HAL_Driver/Src/stm32f4xx_hal_spi.o
 .debug_abbrev  0x00000000000028a1      0x2eb ./Drivers/STM32F4xx_HAL_Driver/Src/stm32f4xx_hal_uart.o
 .debug_abbrev  0x0000000000002b8c      0x209 ./FATFS/App/fatfs.o
 .debug_abbrev  0x0000000000002d95      0x21d ./FATFS/Target/user_diskio.o
 .debug_abbrev  0x0000000000002fb2      0x268 ./Middlewares/Third_Party/FatFs/src/ff_gen_drv.o

.debug_aranges  0x0000000000000000      0xf00
 .debug_aranges
                0x0000000000000000       0x58 ./Core/Src/CRC.o
 .debug_aranges
                0x0000000000000058       0x28 ./Core/Src/DataLinKLayer.o
 .debug_aranges
                0x0000000000000080       0x40 ./Core/Src/camera.o
 .debug_aranges
                0x00000000000000c0       0xa0 ./Core/Src/fatfs_sd.o
 .debug_aranges
                0x0000000000000160       0xc8 ./Core/Src/main.o
 .debug_aranges
                0x0000000000000228       0x60 ./Core/Src/stm32f4xx_hal_msp.o
 .debug_aranges
                0x0000000000000288       0x80 ./Core/Src/stm32f4xx_it.o
 .debug_aranges
                0x0000000000000308       0x28 ./Core/Src/system_stm32f4xx.o
 .debug_aranges
                0x0000000000000330       0x28 ./Core/Startup/startup_stm32f407vgtx.o
 .debug_aranges
                0x0000000000000358       0xf0 ./Drivers/STM32F4xx_HAL_Driver/Src/stm32f4xx_hal.o
 .debug_aranges
                0x0000000000000448      0x118 ./Drivers/STM32F4xx_HAL_Driver/Src/stm32f4xx_hal_cortex.o
 .debug_aranges
                0x0000000000000560       0xc0 ./Drivers/STM32F4xx_HAL_Driver/Src/stm32f4xx_hal_dcmi.o
 .debug_aranges
                0x0000000000000620       0x20 ./Drivers/STM32F4xx_HAL_Driver/Src/stm32f4xx_hal_dcmi_ex.o
 .debug_aranges
                0x0000000000000640       0x90 ./Drivers/STM32F4xx_HAL_Driver/Src/stm32f4xx_hal_dma.o
 .debug_aranges
                0x00000000000006d0       0x38 ./Drivers/STM32F4xx_HAL_Driver/Src/stm32f4xx_hal_dma_ex.o
 .debug_aranges
                0x0000000000000708       0x58 ./Drivers/STM32F4xx_HAL_Driver/Src/stm32f4xx_hal_gpio.o
 .debug_aranges
                0x0000000000000760      0x2a0 ./Drivers/STM32F4xx_HAL_Driver/Src/stm32f4xx_hal_i2c.o
 .debug_aranges
                0x0000000000000a00       0x88 ./Drivers/STM32F4xx_HAL_Driver/Src/stm32f4xx_hal_rcc.o
 .debug_aranges
                0x0000000000000a88      0x1d0 ./Drivers/STM32F4xx_HAL_Driver/Src/stm32f4xx_hal_spi.o
 .debug_aranges
                0x0000000000000c58      0x200 ./Drivers/STM32F4xx_HAL_Driver/Src/stm32f4xx_hal_uart.o
 .debug_aranges
                0x0000000000000e58       0x28 ./FATFS/App/fatfs.o
 .debug_aranges
                0x0000000000000e80       0x40 ./FATFS/Target/user_diskio.o
 .debug_aranges
                0x0000000000000ec0       0x40 ./Middlewares/Third_Party/FatFs/src/ff_gen_drv.o

.debug_ranges   0x0000000000000000      0xdf0
 .debug_ranges  0x0000000000000000       0x48 ./Core/Src/CRC.o
 .debug_ranges  0x0000000000000048       0x18 ./Core/Src/DataLinKLayer.o
 .debug_ranges  0x0000000000000060       0x30 ./Core/Src/camera.o
 .debug_ranges  0x0000000000000090       0x90 ./Core/Src/fatfs_sd.o
 .debug_ranges  0x0000000000000120       0xb8 ./Core/Src/main.o
 .debug_ranges  0x00000000000001d8       0x50 ./Core/Src/stm32f4xx_hal_msp.o
 .debug_ranges  0x0000000000000228       0x70 ./Core/Src/stm32f4xx_it.o
 .debug_ranges  0x0000000000000298       0x18 ./Core/Src/system_stm32f4xx.o
 .debug_ranges  0x00000000000002b0       0x20 ./Core/Startup/startup_stm32f407vgtx.o
 .debug_ranges  0x00000000000002d0       0xe0 ./Drivers/STM32F4xx_HAL_Driver/Src/stm32f4xx_hal.o
 .debug_ranges  0x00000000000003b0      0x108 ./Drivers/STM32F4xx_HAL_Driver/Src/stm32f4xx_hal_cortex.o
 .debug_ranges  0x00000000000004b8       0xb0 ./Drivers/STM32F4xx_HAL_Driver/Src/stm32f4xx_hal_dcmi.o
 .debug_ranges  0x0000000000000568       0x10 ./Drivers/STM32F4xx_HAL_Driver/Src/stm32f4xx_hal_dcmi_ex.o
 .debug_ranges  0x0000000000000578       0x80 ./Drivers/STM32F4xx_HAL_Driver/Src/stm32f4xx_hal_dma.o
 .debug_ranges  0x00000000000005f8       0x28 ./Drivers/STM32F4xx_HAL_Driver/Src/stm32f4xx_hal_dma_ex.o
 .debug_ranges  0x0000000000000620       0x48 ./Drivers/STM32F4xx_HAL_Driver/Src/stm32f4xx_hal_gpio.o
 .debug_ranges  0x0000000000000668      0x2b8 ./Drivers/STM32F4xx_HAL_Driver/Src/stm32f4xx_hal_i2c.o
 .debug_ranges  0x0000000000000920       0x78 ./Drivers/STM32F4xx_HAL_Driver/Src/stm32f4xx_hal_rcc.o
 .debug_ranges  0x0000000000000998      0x1c0 ./Drivers/STM32F4xx_HAL_Driver/Src/stm32f4xx_hal_spi.o
 .debug_ranges  0x0000000000000b58      0x220 ./Drivers/STM32F4xx_HAL_Driver/Src/stm32f4xx_hal_uart.o
 .debug_ranges  0x0000000000000d78       0x18 ./FATFS/App/fatfs.o
 .debug_ranges  0x0000000000000d90       0x30 ./FATFS/Target/user_diskio.o
 .debug_ranges  0x0000000000000dc0       0x30 ./Middlewares/Third_Party/FatFs/src/ff_gen_drv.o

.debug_macro    0x0000000000000000    0x25208
 .debug_macro   0x0000000000000000       0x77 ./Core/Src/CRC.o
 .debug_macro   0x0000000000000077      0xb80 ./Core/Src/CRC.o
 .debug_macro   0x0000000000000bf7       0x1c ./Core/Src/CRC.o
 .debug_macro   0x0000000000000c13       0x22 ./Core/Src/CRC.o
 .debug_macro   0x0000000000000c35       0x8e ./Core/Src/CRC.o
 .debug_macro   0x0000000000000cc3       0x51 ./Core/Src/CRC.o
 .debug_macro   0x0000000000000d14      0x103 ./Core/Src/CRC.o
 .debug_macro   0x0000000000000e17       0x6a ./Core/Src/CRC.o
 .debug_macro   0x0000000000000e81      0x1df ./Core/Src/CRC.o
 .debug_macro   0x0000000000001060       0x10 ./Core/Src/CRC.o
 .debug_macro   0x0000000000001070       0x80 ./Core/Src/DataLinKLayer.o
 .debug_macro   0x00000000000010f0       0x16 ./Core/Src/DataLinKLayer.o
 .debug_macro   0x0000000000001106       0x10 ./Core/Src/DataLinKLayer.o
 .debug_macro   0x0000000000001116      0x36f ./Core/Src/camera.o
 .debug_macro   0x0000000000001485      0xaa8 ./Core/Src/camera.o
 .debug_macro   0x0000000000001f2d      0x2a7 ./Core/Src/camera.o
 .debug_macro   0x00000000000021d4       0x2e ./Core/Src/camera.o
 .debug_macro   0x0000000000002202       0x2f ./Core/Src/camera.o
 .debug_macro   0x0000000000002231       0x1c ./Core/Src/camera.o
 .debug_macro   0x000000000000224d       0x22 ./Core/Src/camera.o
 .debug_macro   0x000000000000226f       0xdf ./Core/Src/camera.o
 .debug_macro   0x000000000000234e     0x102d ./Core/Src/camera.o
 .debug_macro   0x000000000000337b      0x11f ./Core/Src/camera.o
 .debug_macro   0x000000000000349a    0x15e58 ./Core/Src/camera.o
 .debug_macro   0x00000000000192f2       0x6d ./Core/Src/camera.o
 .debug_macro   0x000000000001935f     0x3666 ./Core/Src/camera.o
 .debug_macro   0x000000000001c9c5      0x174 ./Core/Src/camera.o
 .debug_macro   0x000000000001cb39       0x5c ./Core/Src/camera.o
 .debug_macro   0x000000000001cb95      0x96b ./Core/Src/camera.o
 .debug_macro   0x000000000001d500      0x9fe ./Core/Src/camera.o
 .debug_macro   0x000000000001defe      0x116 ./Core/Src/camera.o
 .debug_macro   0x000000000001e014      0x13e ./Core/Src/camera.o
 .debug_macro   0x000000000001e152       0xa5 ./Core/Src/camera.o
 .debug_macro   0x000000000001e1f7      0x174 ./Core/Src/camera.o
 .debug_macro   0x000000000001e36b      0x287 ./Core/Src/camera.o
 .debug_macro   0x000000000001e5f2       0x5f ./Core/Src/camera.o
 .debug_macro   0x000000000001e651      0x236 ./Core/Src/camera.o
 .debug_macro   0x000000000001e887       0x1f ./Core/Src/camera.o
 .debug_macro   0x000000000001e8a6      0x1d2 ./Core/Src/camera.o
 .debug_macro   0x000000000001ea78      0x12c ./Core/Src/camera.o
 .debug_macro   0x000000000001eba4      0x21e ./Core/Src/camera.o
 .debug_macro   0x000000000001edc2       0x2e ./Core/Src/camera.o
 .debug_macro   0x000000000001edf0      0x1b5 ./Core/Src/camera.o
 .debug_macro   0x000000000001efa5       0xd6 ./Core/Src/camera.o
 .debug_macro   0x000000000001f07b      0x11a ./Core/Src/camera.o
 .debug_macro   0x000000000001f195       0x7e ./Core/Src/camera.o
 .debug_macro   0x000000000001f213       0x89 ./Core/Src/camera.o
 .debug_macro   0x000000000001f29c      0x225 ./Core/Src/camera.o
 .debug_macro   0x000000000001f4c1      0x295 ./Core/Src/camera.o
 .debug_macro   0x000000000001f756      0x12d ./Core/Src/camera.o
 .debug_macro   0x000000000001f883       0x10 ./Core/Src/camera.o
 .debug_macro   0x000000000001f893       0x52 ./Core/Src/camera.o
 .debug_macro   0x000000000001f8e5       0x18 ./Core/Src/camera.o
 .debug_macro   0x000000000001f8fd       0x3c ./Core/Src/camera.o
 .debug_macro   0x000000000001f939       0x34 ./Core/Src/camera.o
 .debug_macro   0x000000000001f96d       0x16 ./Core/Src/camera.o
 .debug_macro   0x000000000001f983       0x35 ./Core/Src/camera.o
 .debug_macro   0x000000000001f9b8      0x333 ./Core/Src/camera.o
 .debug_macro   0x000000000001fceb       0x10 ./Core/Src/camera.o
 .debug_macro   0x000000000001fcfb       0x16 ./Core/Src/camera.o
 .debug_macro   0x000000000001fd11       0x43 ./Core/Src/camera.o
 .debug_macro   0x000000000001fd54       0x34 ./Core/Src/camera.o
 .debug_macro   0x000000000001fd88       0x10 ./Core/Src/camera.o
 .debug_macro   0x000000000001fd98       0x58 ./Core/Src/camera.o
 .debug_macro   0x000000000001fdf0       0x71 ./Core/Src/camera.o
 .debug_macro   0x000000000001fe61       0x1c ./Core/Src/camera.o
 .debug_macro   0x000000000001fe7d      0x12a ./Core/Src/camera.o
 .debug_macro   0x000000000001ffa7       0x10 ./Core/Src/camera.o
 .debug_macro   0x000000000001ffb7       0x1c ./Core/Src/camera.o
 .debug_macro   0x000000000001ffd3       0x52 ./Core/Src/camera.o
 .debug_macro   0x0000000000020025       0x22 ./Core/Src/camera.o
 .debug_macro   0x0000000000020047       0x10 ./Core/Src/camera.o
 .debug_macro   0x0000000000020057       0x40 ./Core/Src/camera.o
 .debug_macro   0x0000000000020097       0xd5 ./Core/Src/camera.o
 .debug_macro   0x000000000002016c       0x1c ./Core/Src/camera.o
 .debug_macro   0x0000000000020188       0x3d ./Core/Src/camera.o
 .debug_macro   0x00000000000201c5       0x16 ./Core/Src/camera.o
 .debug_macro   0x00000000000201db      0x145 ./Core/Src/camera.o
 .debug_macro   0x0000000000020320      0x236 ./Core/Src/fatfs_sd.o
 .debug_macro   0x0000000000020556       0x16 ./Core/Src/fatfs_sd.o
 .debug_macro   0x000000000002056c       0x7c ./Core/Src/fatfs_sd.o
 .debug_macro   0x00000000000205e8       0x70 ./Core/Src/fatfs_sd.o
 .debug_macro   0x0000000000020658      0x3c0 ./Core/Src/main.o
 .debug_macro   0x0000000000020a18     0x102d ./Core/Src/main.o
 .debug_macro   0x0000000000021a45      0x17b ./Core/Src/main.o
 .debug_macro   0x0000000000021bc0       0x34 ./Core/Src/main.o
 .debug_macro   0x0000000000021bf4       0xeb ./Core/Src/main.o
 .debug_macro   0x0000000000021cdf      0x17c ./Core/Src/main.o
 .debug_macro   0x0000000000021e5b       0x10 ./Core/Src/main.o
 .debug_macro   0x0000000000021e6b      0x41e ./Core/Src/main.o
 .debug_macro   0x0000000000022289       0x10 ./Core/Src/main.o
 .debug_macro   0x0000000000022299       0x34 ./Core/Src/main.o
 .debug_macro   0x00000000000222cd       0x16 ./Core/Src/main.o
 .debug_macro   0x00000000000222e3       0x35 ./Core/Src/main.o
 .debug_macro   0x0000000000022318       0x43 ./Core/Src/main.o
 .debug_macro   0x000000000002235b       0x16 ./Core/Src/main.o
 .debug_macro   0x0000000000022371      0x356 ./Core/Src/main.o
 .debug_macro   0x00000000000226c7       0x16 ./Core/Src/main.o
 .debug_macro   0x00000000000226dd       0x29 ./Core/Src/main.o
 .debug_macro   0x0000000000022706       0x1c ./Core/Src/main.o
 .debug_macro   0x0000000000022722       0xde ./Core/Src/main.o
 .debug_macro   0x0000000000022800       0x12 ./Core/Src/main.o
 .debug_macro   0x0000000000022812       0xe2 ./Core/Src/main.o
 .debug_macro   0x00000000000228f4       0x8e ./Core/Src/main.o
 .debug_macro   0x0000000000022982       0x16 ./Core/Src/main.o
 .debug_macro   0x0000000000022998      0x206 ./Core/Src/stm32f4xx_hal_msp.o
 .debug_macro   0x0000000000022b9e      0x210 ./Core/Src/stm32f4xx_it.o
 .debug_macro   0x0000000000022dae      0x1f7 ./Core/Src/system_stm32f4xx.o
 .debug_macro   0x0000000000022fa5      0x257 ./Drivers/STM32F4xx_HAL_Driver/Src/stm32f4xx_hal.o
 .debug_macro   0x00000000000231fc      0x1f7 ./Drivers/STM32F4xx_HAL_Driver/Src/stm32f4xx_hal_cortex.o
 .debug_macro   0x00000000000233f3      0x1fe ./Drivers/STM32F4xx_HAL_Driver/Src/stm32f4xx_hal_dcmi.o
 .debug_macro   0x00000000000235f1      0x1f7 ./Drivers/STM32F4xx_HAL_Driver/Src/stm32f4xx_hal_dcmi_ex.o
 .debug_macro   0x00000000000237e8      0x1fd ./Drivers/STM32F4xx_HAL_Driver/Src/stm32f4xx_hal_dma.o
 .debug_macro   0x00000000000239e5      0x1f7 ./Drivers/STM32F4xx_HAL_Driver/Src/stm32f4xx_hal_dma_ex.o
 .debug_macro   0x0000000000023bdc      0x1fd ./Drivers/STM32F4xx_HAL_Driver/Src/stm32f4xx_hal_gpio.o
 .debug_macro   0x0000000000023dd9      0x23e ./Drivers/STM32F4xx_HAL_Driver/Src/stm32f4xx_hal_i2c.o
 .debug_macro   0x0000000000024017      0x21b ./Drivers/STM32F4xx_HAL_Driver/Src/stm32f4xx_hal_rcc.o
 .debug_macro   0x0000000000024232      0x206 ./Drivers/STM32F4xx_HAL_Driver/Src/stm32f4xx_hal_spi.o
 .debug_macro   0x0000000000024438      0x1f8 ./Drivers/STM32F4xx_HAL_Driver/Src/stm32f4xx_hal_uart.o
 .debug_macro   0x0000000000024630      0x32b ./FATFS/App/fatfs.o
 .debug_macro   0x000000000002495b       0xe5 ./FATFS/App/fatfs.o
 .debug_macro   0x0000000000024a40      0x351 ./FATFS/Target/user_diskio.o
 .debug_macro   0x0000000000024d91       0x10 ./FATFS/Target/user_diskio.o
 .debug_macro   0x0000000000024da1       0x20 ./FATFS/Target/user_diskio.o
 .debug_macro   0x0000000000024dc1       0xd9 ./FATFS/Target/user_diskio.o
 .debug_macro   0x0000000000024e9a       0x56 ./FATFS/Target/user_diskio.o
 .debug_macro   0x0000000000024ef0      0x318 ./Middlewares/Third_Party/FatFs/src/ff_gen_drv.o

.debug_line     0x0000000000000000    0x15e24
 .debug_line    0x0000000000000000      0x545 ./Core/Src/CRC.o
 .debug_line    0x0000000000000545      0x44f ./Core/Src/DataLinKLayer.o
 .debug_line    0x0000000000000994      0xa23 ./Core/Src/camera.o
 .debug_line    0x00000000000013b7      0xe90 ./Core/Src/fatfs_sd.o
 .debug_line    0x0000000000002247     0x1258 ./Core/Src/main.o
 .debug_line    0x000000000000349f      0x981 ./Core/Src/stm32f4xx_hal_msp.o
 .debug_line    0x0000000000003e20      0x8e2 ./Core/Src/stm32f4xx_it.o
 .debug_line    0x0000000000004702      0x837 ./Core/Src/system_stm32f4xx.o
 .debug_line    0x0000000000004f39       0x88 ./Core/Startup/startup_stm32f407vgtx.o
 .debug_line    0x0000000000004fc1      0xa9d ./Drivers/STM32F4xx_HAL_Driver/Src/stm32f4xx_hal.o
 .debug_line    0x0000000000005a5e      0xd4c ./Drivers/STM32F4xx_HAL_Driver/Src/stm32f4xx_hal_cortex.o
 .debug_line    0x00000000000067aa      0xe9d ./Drivers/STM32F4xx_HAL_Driver/Src/stm32f4xx_hal_dcmi.o
 .debug_line    0x0000000000007647      0x858 ./Drivers/STM32F4xx_HAL_Driver/Src/stm32f4xx_hal_dcmi_ex.o
 .debug_line    0x0000000000007e9f     0x1002 ./Drivers/STM32F4xx_HAL_Driver/Src/stm32f4xx_hal_dma.o
 .debug_line    0x0000000000008ea1     0x1430 ./Drivers/STM32F4xx_HAL_Driver/Src/stm32f4xx_hal_dma_ex.o
 .debug_line    0x000000000000a2d1      0xc13 ./Drivers/STM32F4xx_HAL_Driver/Src/stm32f4xx_hal_gpio.o
 .debug_line    0x000000000000aee4     0x3a49 ./Drivers/STM32F4xx_HAL_Driver/Src/stm32f4xx_hal_i2c.o
 .debug_line    0x000000000000e92d      0xe19 ./Drivers/STM32F4xx_HAL_Driver/Src/stm32f4xx_hal_rcc.o
 .debug_line    0x000000000000f746     0x1d25 ./Drivers/STM32F4xx_HAL_Driver/Src/stm32f4xx_hal_spi.o
 .debug_line    0x000000000001146b     0x2b24 ./Drivers/STM32F4xx_HAL_Driver/Src/stm32f4xx_hal_uart.o
 .debug_line    0x0000000000013f8f      0x9e5 ./FATFS/App/fatfs.o
 .debug_line    0x0000000000014974      0xa5f ./FATFS/Target/user_diskio.o
 .debug_line    0x00000000000153d3      0xa51 ./Middlewares/Third_Party/FatFs/src/ff_gen_drv.o

.debug_str      0x0000000000000000    0xcb943
 .debug_str     0x0000000000000000     0x416d ./Core/Src/CRC.o
                                       0x42f6 (size before relaxing)
 .debug_str     0x000000000000416d      0x1c0 ./Core/Src/DataLinKLayer.o
                                       0x433d (size before relaxing)
 .debug_str     0x000000000000432d    0xc0fd3 ./Core/Src/camera.o
                                      0xc4e7d (size before relaxing)
 .debug_str     0x00000000000c5300      0x606 ./Core/Src/fatfs_sd.o
                                      0xc0ece (size before relaxing)
 .debug_str     0x00000000000c5906     0x32db ./Core/Src/main.o
                                      0xc7cbb (size before relaxing)
 .debug_str     0x00000000000c8be1       0xc3 ./Core/Src/stm32f4xx_hal_msp.o
                                      0xc17e2 (size before relaxing)
 .debug_str     0x00000000000c8ca4       0xfc ./Core/Src/stm32f4xx_it.o
                                      0xc1030 (size before relaxing)
 .debug_str     0x00000000000c8da0       0xaf ./Core/Src/system_stm32f4xx.o
                                      0xc076d (size before relaxing)
 .debug_str     0x00000000000c8e4f       0x36 ./Core/Startup/startup_stm32f407vgtx.o
                                         0x60 (size before relaxing)
 .debug_str     0x00000000000c8e85      0x571 ./Drivers/STM32F4xx_HAL_Driver/Src/stm32f4xx_hal.o
                                      0xc124f (size before relaxing)
 .debug_str     0x00000000000c93f6      0x37f ./Drivers/STM32F4xx_HAL_Driver/Src/stm32f4xx_hal_cortex.o
                                      0xc103e (size before relaxing)
 .debug_str     0x00000000000c9775      0x229 ./Drivers/STM32F4xx_HAL_Driver/Src/stm32f4xx_hal_dcmi.o
                                      0xc0ce3 (size before relaxing)
 .debug_str     0x00000000000c999e       0x3c ./Drivers/STM32F4xx_HAL_Driver/Src/stm32f4xx_hal_dcmi_ex.o
                                      0xc0a7e (size before relaxing)
 .debug_str     0x00000000000c99da      0x310 ./Drivers/STM32F4xx_HAL_Driver/Src/stm32f4xx_hal_dma.o
                                      0xc0b97 (size before relaxing)
 .debug_str     0x00000000000c9cea       0xe3 ./Drivers/STM32F4xx_HAL_Driver/Src/stm32f4xx_hal_dma_ex.o
                                      0xc097f (size before relaxing)
 .debug_str     0x00000000000c9dcd      0x151 ./Drivers/STM32F4xx_HAL_Driver/Src/stm32f4xx_hal_gpio.o
                                      0xc0914 (size before relaxing)
 .debug_str     0x00000000000c9f1e      0xa9d ./Drivers/STM32F4xx_HAL_Driver/Src/stm32f4xx_hal_i2c.o
                                      0xc16ef (size before relaxing)
 .debug_str     0x00000000000ca9bb      0x24e ./Drivers/STM32F4xx_HAL_Driver/Src/stm32f4xx_hal_rcc.o
                                      0xc0b6f (size before relaxing)
 .debug_str     0x00000000000cac09      0x55f ./Drivers/STM32F4xx_HAL_Driver/Src/stm32f4xx_hal_spi.o
                                      0xc1011 (size before relaxing)
 .debug_str     0x00000000000cb168      0x5fb ./Drivers/STM32F4xx_HAL_Driver/Src/stm32f4xx_hal_uart.o
                                      0xc10f5 (size before relaxing)
 .debug_str     0x00000000000cb763       0x2f ./FATFS/App/fatfs.o
                                      0xc4109 (size before relaxing)
 .debug_str     0x00000000000cb792       0xe6 ./FATFS/Target/user_diskio.o
                                      0xc41ba (size before relaxing)
 .debug_str     0x00000000000cb878       0xcb ./Middlewares/Third_Party/FatFs/src/ff_gen_drv.o
                                      0xc4074 (size before relaxing)

.comment        0x0000000000000000       0x53
 .comment       0x0000000000000000       0x53 ./Core/Src/CRC.o
                                         0x54 (size before relaxing)
 .comment       0x0000000000000053       0x54 ./Core/Src/DataLinKLayer.o
 .comment       0x0000000000000053       0x54 ./Core/Src/camera.o
 .comment       0x0000000000000053       0x54 ./Core/Src/fatfs_sd.o
 .comment       0x0000000000000053       0x54 ./Core/Src/main.o
 .comment       0x0000000000000053       0x54 ./Core/Src/stm32f4xx_hal_msp.o
 .comment       0x0000000000000053       0x54 ./Core/Src/stm32f4xx_it.o
 .comment       0x0000000000000053       0x54 ./Core/Src/system_stm32f4xx.o
 .comment       0x0000000000000053       0x54 ./Drivers/STM32F4xx_HAL_Driver/Src/stm32f4xx_hal.o
 .comment       0x0000000000000053       0x54 ./Drivers/STM32F4xx_HAL_Driver/Src/stm32f4xx_hal_cortex.o
 .comment       0x0000000000000053       0x54 ./Drivers/STM32F4xx_HAL_Driver/Src/stm32f4xx_hal_dcmi.o
 .comment       0x0000000000000053       0x54 ./Drivers/STM32F4xx_HAL_Driver/Src/stm32f4xx_hal_dcmi_ex.o
 .comment       0x0000000000000053       0x54 ./Drivers/STM32F4xx_HAL_Driver/Src/stm32f4xx_hal_dma.o
 .comment       0x0000000000000053       0x54 ./Drivers/STM32F4xx_HAL_Driver/Src/stm32f4xx_hal_dma_ex.o
 .comment       0x0000000000000053       0x54 ./Drivers/STM32F4xx_HAL_Driver/Src/stm32f4xx_hal_gpio.o
 .comment       0x0000000000000053       0x54 ./Drivers/STM32F4xx_HAL_Driver/Src/stm32f4xx_hal_i2c.o
 .comment       0x0000000000000053       0x54 ./Drivers/STM32F4xx_HAL_Driver/Src/stm32f4xx_hal_rcc.o
 .comment       0x0000000000000053       0x54 ./Drivers/STM32F4xx_HAL_Driver/Src/stm32f4xx_hal_spi.o
 .comment       0x0000000000000053       0x54 ./Drivers/STM32F4xx_HAL_Driver/Src/stm32f4xx_hal_uart.o
 .comment       0x0000000000000053       0x54 ./FATFS/App/fatfs.o
 .comment       0x0000000000000053       0x54 ./FATFS/Target/user_diskio.o
 .comment       0x0000000000000053       0x54 ./Middlewares/Third_Party/FatFs/src/ff_gen_drv.o

.debug_frame    0x0000000000000000     0x3cac
 .debug_frame   0x0000000000000000      0x140 ./Core/Src/CRC.o
 .debug_frame   0x0000000000000140       0x58 ./Core/Src/DataLinKLayer.o
 .debug_frame   0x0000000000000198       0xbc ./Core/Src/camera.o
 .debug_frame   0x0000000000000254      0x268 ./Core/Src/fatfs_sd.o
 .debug_frame   0x00000000000004bc      0x2e4 ./Core/Src/main.o
 .debug_frame   0x00000000000007a0      0x158 ./Core/Src/stm32f4xx_hal_msp.o
 .debug_frame   0x00000000000008f8      0x174 ./Core/Src/stm32f4xx_it.o
 .debug_frame   0x0000000000000a6c       0x58 ./Core/Src/system_stm32f4xx.o
 .debug_frame   0x0000000000000ac4      0x374 ./Drivers/STM32F4xx_HAL_Driver/Src/stm32f4xx_hal.o
 .debug_frame   0x0000000000000e38      0x498 ./Drivers/STM32F4xx_HAL_Driver/Src/stm32f4xx_hal_cortex.o
 .debug_frame   0x00000000000012d0      0x340 ./Drivers/STM32F4xx_HAL_Driver/Src/stm32f4xx_hal_dcmi.o
 .debug_frame   0x0000000000001610       0x34 ./Drivers/STM32F4xx_HAL_Driver/Src/stm32f4xx_hal_dcmi_ex.o
 .debug_frame   0x0000000000001644      0x250 ./Drivers/STM32F4xx_HAL_Driver/Src/stm32f4xx_hal_dma.o
 .debug_frame   0x0000000000001894       0xac ./Drivers/STM32F4xx_HAL_Driver/Src/stm32f4xx_hal_dma_ex.o
 .debug_frame   0x0000000000001940      0x14c ./Drivers/STM32F4xx_HAL_Driver/Src/stm32f4xx_hal_gpio.o
 .debug_frame   0x0000000000001a8c      0xc5c ./Drivers/STM32F4xx_HAL_Driver/Src/stm32f4xx_hal_i2c.o
 .debug_frame   0x00000000000026e8      0x1f0 ./Drivers/STM32F4xx_HAL_Driver/Src/stm32f4xx_hal_rcc.o
 .debug_frame   0x00000000000028d8      0x824 ./Drivers/STM32F4xx_HAL_Driver/Src/stm32f4xx_hal_spi.o
 .debug_frame   0x00000000000030fc      0x92c ./Drivers/STM32F4xx_HAL_Driver/Src/stm32f4xx_hal_uart.o
 .debug_frame   0x0000000000003a28       0x4c ./FATFS/App/fatfs.o
 .debug_frame   0x0000000000003a74       0xc4 ./FATFS/Target/user_diskio.o
 .debug_frame   0x0000000000003b38       0xc8 ./Middlewares/Third_Party/FatFs/src/ff_gen_drv.o
 .debug_frame   0x0000000000003c00       0x2c c:/st/stm32cubeide_1.6.0/stm32cubeide/plugins/com.st.stm32cube.ide.mcu.externaltools.gnu-tools-for-stm32.9-2020-q2-update.win32_2.0.0.202105311346/tools/bin/../lib/gcc/arm-none-eabi/9.3.1/../../../../arm-none-eabi/lib/thumb/v7e-m+fp/hard\libc_nano.a(lib_a-init.o)
 .debug_frame   0x0000000000003c2c       0x20 c:/st/stm32cubeide_1.6.0/stm32cubeide/plugins/com.st.stm32cube.ide.mcu.externaltools.gnu-tools-for-stm32.9-2020-q2-update.win32_2.0.0.202105311346/tools/bin/../lib/gcc/arm-none-eabi/9.3.1/../../../../arm-none-eabi/lib/thumb/v7e-m+fp/hard\libc_nano.a(lib_a-memset.o)
 .debug_frame   0x0000000000003c4c       0x2c c:/st/stm32cubeide_1.6.0/stm32cubeide/plugins/com.st.stm32cube.ide.mcu.externaltools.gnu-tools-for-stm32.9-2020-q2-update.win32_2.0.0.202105311346/tools/bin/../lib/gcc/arm-none-eabi/9.3.1/thumb/v7e-m+fp/hard\libgcc.a(_aeabi_uldivmod.o)
 .debug_frame   0x0000000000003c78       0x34 c:/st/stm32cubeide_1.6.0/stm32cubeide/plugins/com.st.stm32cube.ide.mcu.externaltools.gnu-tools-for-stm32.9-2020-q2-update.win32_2.0.0.202105311346/tools/bin/../lib/gcc/arm-none-eabi/9.3.1/thumb/v7e-m+fp/hard\libgcc.a(_udivmoddi4.o)
