DataLinKLayer.h:46:5:T_DataLinkLayer_base::T_DataLinkLayer_base(void (*)(uint8_t), void (*)(uint8_t*, uint16_t))	24	static
main.cpp:180:6:void createPhoto()	24	static
main.cpp:315:6:void createPhotoFlesh()	16	static
main.cpp:395:5:int main()	24	static
main.cpp:585:6:void SystemClock_Config()	88	static
main.cpp:631:13:void MX_DCMI_Init()	8	static
main.cpp:664:13:void MX_I2C1_Init()	8	static
main.cpp:698:13:void MX_SPI1_Init()	8	static
main.cpp:734:13:void MX_DMA_Init()	16	static
main.cpp:752:13:void MX_GPIO_Init()	48	static
main.cpp:809:13:void MX_UART4_Init()	8	static
main.cpp:843:17:void SDTimer_Handler()	4	static
main.cpp:853:17:void SysTick_Handler()	8	static
main.cpp:871:17:void UART4_IRQHandler()	8	static
main.cpp:883:6:void write(uint8_t)	16	static
main.cpp:889:6:void read(uint8_t*, uint16_t)	16	static
main.cpp:909:17:void Error_Handler()	4	static,ignoring_inline_asm
DataLinKLayer.h:82:5:TT_DataLinkLayerPoint<RxDataLenLimit, TxDataLenLimit>::TT_DataLinkLayerPoint(void (*)(uint8_t), void (*)(uint8_t*, uint16_t)) [with short unsigned int RxDataLenLimit = 2048; short unsigned int TxDataLenLimit = 1000]	24	static
DataLinKLayer.h:87:17:void TT_DataLinkLayerPoint<RxDataLenLimit, TxDataLenLimit>::Send(const uint8_t*, uint32_t) [with short unsigned int RxDataLenLimit = 2048; short unsigned int TxDataLenLimit = 1000]	24	static
DataLinKLayer.h:97:10:void TT_DataLinkLayerPoint<RxDataLenLimit, TxDataLenLimit>::RxByteHandler(uint8_t) [with short unsigned int RxDataLenLimit = 2048; short unsigned int TxDataLenLimit = 1000]	16	static
main.cpp:918:1:void __static_initialization_and_destruction_0(int, int)	16	static
main.cpp:918:1:cpp)	8	static
