stm32f4xx_it.c:79:6:NMI_Handler	4	static
stm32f4xx_it.c:94:6:HardFault_Handler	4	static
stm32f4xx_it.c:109:6:MemManage_Handler	4	static
stm32f4xx_it.c:124:6:BusFault_Handler	4	static
stm32f4xx_it.c:139:6:UsageFault_Handler	4	static
stm32f4xx_it.c:154:6:SVC_Handler	4	static
stm32f4xx_it.c:167:6:DebugMon_Handler	4	static
stm32f4xx_it.c:180:6:PendSV_Handler	4	static
stm32f4xx_it.c:204:6:EXTI0_IRQHandler	8	static
stm32f4xx_it.c:220:6:I2C1_EV_IRQHandler	8	static
stm32f4xx_it.c:234:6:I2C1_ER_IRQHandler	8	static
stm32f4xx_it.c:253:6:DMA2_Stream1_IRQHandler	8	static
stm32f4xx_it.c:292:6:DCMI_IRQHandler	8	static
